Component: Arm Compiler for Embedded 6.24 Tool: armlink [5f371500]

==============================================================================

Section Cross References

    startup_stm32f407xx.o(STACK) refers (Special) to heapauxi.o(.text) for __use_two_region_memory
    startup_stm32f407xx.o(HEAP) refers (Special) to heapauxi.o(.text) for __use_two_region_memory
    startup_stm32f407xx.o(RESET) refers (Special) to heapauxi.o(.text) for __use_two_region_memory
    startup_stm32f407xx.o(RESET) refers to startup_stm32f407xx.o(STACK) for __initial_sp
    startup_stm32f407xx.o(RESET) refers to startup_stm32f407xx.o(.text) for Reset_Handler
    startup_stm32f407xx.o(RESET) refers to stm32f4xx_it.o(.text.NMI_Handler) for NMI_Handler
    startup_stm32f407xx.o(RESET) refers to stm32f4xx_it.o(.text.HardFault_Handler) for HardFault_Handler
    startup_stm32f407xx.o(RESET) refers to stm32f4xx_it.o(.text.MemManage_Handler) for MemManage_Handler
    startup_stm32f407xx.o(RESET) refers to stm32f4xx_it.o(.text.BusFault_Handler) for BusFault_Handler
    startup_stm32f407xx.o(RESET) refers to stm32f4xx_it.o(.text.UsageFault_Handler) for UsageFault_Handler
    startup_stm32f407xx.o(RESET) refers to port.o(.text.SVC_Handler) for SVC_Handler
    startup_stm32f407xx.o(RESET) refers to stm32f4xx_it.o(.text.DebugMon_Handler) for DebugMon_Handler
    startup_stm32f407xx.o(RESET) refers to port.o(.text.PendSV_Handler) for PendSV_Handler
    startup_stm32f407xx.o(RESET) refers to cmsis_os2.o(.text.SysTick_Handler) for SysTick_Handler
    startup_stm32f407xx.o(RESET) refers to stm32f4xx_it.o(.text.DMA1_Stream0_IRQHandler) for DMA1_Stream0_IRQHandler
    startup_stm32f407xx.o(RESET) refers to stm32f4xx_it.o(.text.DMA1_Stream1_IRQHandler) for DMA1_Stream1_IRQHandler
    startup_stm32f407xx.o(RESET) refers to stm32f4xx_it.o(.text.DMA1_Stream2_IRQHandler) for DMA1_Stream2_IRQHandler
    startup_stm32f407xx.o(RESET) refers to stm32f4xx_it.o(.text.DMA1_Stream3_IRQHandler) for DMA1_Stream3_IRQHandler
    startup_stm32f407xx.o(RESET) refers to stm32f4xx_it.o(.text.DMA1_Stream4_IRQHandler) for DMA1_Stream4_IRQHandler
    startup_stm32f407xx.o(RESET) refers to stm32f4xx_it.o(.text.DMA1_Stream5_IRQHandler) for DMA1_Stream5_IRQHandler
    startup_stm32f407xx.o(RESET) refers to stm32f4xx_it.o(.text.DMA1_Stream6_IRQHandler) for DMA1_Stream6_IRQHandler
    startup_stm32f407xx.o(RESET) refers to stm32f4xx_it.o(.text.CAN1_TX_IRQHandler) for CAN1_TX_IRQHandler
    startup_stm32f407xx.o(RESET) refers to stm32f4xx_it.o(.text.CAN1_RX0_IRQHandler) for CAN1_RX0_IRQHandler
    startup_stm32f407xx.o(RESET) refers to stm32f4xx_it.o(.text.TIM1_UP_TIM10_IRQHandler) for TIM1_UP_TIM10_IRQHandler
    startup_stm32f407xx.o(RESET) refers to stm32f4xx_it.o(.text.USART2_IRQHandler) for USART2_IRQHandler
    startup_stm32f407xx.o(RESET) refers to stm32f4xx_it.o(.text.USART3_IRQHandler) for USART3_IRQHandler
    startup_stm32f407xx.o(RESET) refers to stm32f4xx_it.o(.text.DMA1_Stream7_IRQHandler) for DMA1_Stream7_IRQHandler
    startup_stm32f407xx.o(RESET) refers to stm32f4xx_it.o(.text.UART4_IRQHandler) for UART4_IRQHandler
    startup_stm32f407xx.o(RESET) refers to stm32f4xx_it.o(.text.UART5_IRQHandler) for UART5_IRQHandler
    startup_stm32f407xx.o(RESET) refers to stm32f4xx_it.o(.text.DMA2_Stream1_IRQHandler) for DMA2_Stream1_IRQHandler
    startup_stm32f407xx.o(RESET) refers to stm32f4xx_it.o(.text.CAN2_TX_IRQHandler) for CAN2_TX_IRQHandler
    startup_stm32f407xx.o(RESET) refers to stm32f4xx_it.o(.text.CAN2_RX1_IRQHandler) for CAN2_RX1_IRQHandler
    startup_stm32f407xx.o(RESET) refers to stm32f4xx_it.o(.text.DMA2_Stream6_IRQHandler) for DMA2_Stream6_IRQHandler
    startup_stm32f407xx.o(RESET) refers to stm32f4xx_it.o(.text.USART6_IRQHandler) for USART6_IRQHandler
    startup_stm32f407xx.o(.text) refers (Special) to heapauxi.o(.text) for __use_two_region_memory
    startup_stm32f407xx.o(.text) refers to system_stm32f4xx.o(.text.SystemInit) for SystemInit
    startup_stm32f407xx.o(.text) refers to __main.o(!!!main) for __main
    startup_stm32f407xx.o(.text) refers to startup_stm32f407xx.o(HEAP) for Heap_Mem
    startup_stm32f407xx.o(.text) refers to startup_stm32f407xx.o(STACK) for Stack_Mem
    main.o(.text.main) refers to stm32f4xx_hal.o(.text.HAL_Init) for HAL_Init
    main.o(.text.main) refers to main.o(.text.SystemClock_Config) for SystemClock_Config
    main.o(.text.main) refers to gpio.o(.text.MX_GPIO_Init) for MX_GPIO_Init
    main.o(.text.main) refers to dma.o(.text.MX_DMA_Init) for MX_DMA_Init
    main.o(.text.main) refers to can.o(.text.MX_CAN1_Init) for MX_CAN1_Init
    main.o(.text.main) refers to can.o(.text.MX_CAN2_Init) for MX_CAN2_Init
    main.o(.text.main) refers to usart.o(.text.MX_USART2_UART_Init) for MX_USART2_UART_Init
    main.o(.text.main) refers to usart.o(.text.MX_USART6_UART_Init) for MX_USART6_UART_Init
    main.o(.text.main) refers to usart.o(.text.MX_UART4_Init) for MX_UART4_Init
[...]
    HAL_CAN_RxFifo0MsgPendingCallback        0x08001999   Thumb Code    64  ball_back.o(.text.HAL_CAN_RxFifo0MsgPendingCallback)
    HAL_CAN_RxFifo1FullCallback              0x080019d9   Thumb Code     2  stm32f4xx_hal_can.o(.text.HAL_CAN_RxFifo1FullCallback)
    HAL_CAN_RxFifo1MsgPendingCallback        0x080019dd   Thumb Code    94  chassis.o(.text.HAL_CAN_RxFifo1MsgPendingCallback)
    HAL_CAN_SleepCallback                    0x08001a3d   Thumb Code     2  stm32f4xx_hal_can.o(.text.HAL_CAN_SleepCallback)
    HAL_CAN_Start                            0x08001a41   Thumb Code    90  stm32f4xx_hal_can.o(.text.HAL_CAN_Start)
    HAL_CAN_TxMailbox0AbortCallback          0x08001a9d   Thumb Code     2  stm32f4xx_hal_can.o(.text.HAL_CAN_TxMailbox0AbortCallback)
    HAL_CAN_TxMailbox0CompleteCallback       0x08001aa1   Thumb Code     2  stm32f4xx_hal_can.o(.text.HAL_CAN_TxMailbox0CompleteCallback)
    HAL_CAN_TxMailbox1AbortCallback          0x08001aa5   Thumb Code     2  stm32f4xx_hal_can.o(.text.HAL_CAN_TxMailbox1AbortCallback)
    HAL_CAN_TxMailbox1CompleteCallback       0x08001aa9   Thumb Code     2  stm32f4xx_hal_can.o(.text.HAL_CAN_TxMailbox1CompleteCallback)
    HAL_CAN_TxMailbox2AbortCallback          0x08001aad   Thumb Code     2  stm32f4xx_hal_can.o(.text.HAL_CAN_TxMailbox2AbortCallback)
    HAL_CAN_TxMailbox2CompleteCallback       0x08001ab1   Thumb Code     2  stm32f4xx_hal_can.o(.text.HAL_CAN_TxMailbox2CompleteCallback)
    HAL_CAN_WakeUpFromRxMsgCallback          0x08001ab5   Thumb Code     2  stm32f4xx_hal_can.o(.text.HAL_CAN_WakeUpFromRxMsgCallback)
    HAL_DMA_Abort                            0x08001ab9   Thumb Code   128  stm32f4xx_hal_dma.o(.text.HAL_DMA_Abort)
    HAL_DMA_Abort_IT                         0x08001b39   Thumb Code    36  stm32f4xx_hal_dma.o(.text.HAL_DMA_Abort_IT)
    HAL_DMA_IRQHandler                       0x08001b5d   Thumb Code   392  stm32f4xx_hal_dma.o(.text.HAL_DMA_IRQHandler)
    HAL_DMA_Init                             0x08001ce5   Thumb Code   318  stm32f4xx_hal_dma.o(.text.HAL_DMA_Init)
    HAL_DMA_Start_IT                         0x08001e25   Thumb Code   160  stm32f4xx_hal_dma.o(.text.HAL_DMA_Start_IT)
    HAL_GPIO_Init                            0x08001ec5   Thumb Code   404  stm32f4xx_hal_gpio.o(.text.HAL_GPIO_Init)
    HAL_GPIO_ReadPin                         0x08002059   Thumb Code    10  stm32f4xx_hal_gpio.o(.text.HAL_GPIO_ReadPin)
    HAL_GPIO_WritePin                        0x08002065   Thumb Code    10  stm32f4xx_hal_gpio.o(.text.HAL_GPIO_WritePin)
    HAL_GetTick                              0x08002071   Thumb Code    12  stm32f4xx_hal.o(.text.HAL_GetTick)
    HAL_IncTick                              0x0800207d   Thumb Code    26  stm32f4xx_hal.o(.text.HAL_IncTick)
    HAL_Init                                 0x08002099   Thumb Code    54  stm32f4xx_hal.o(.text.HAL_Init)
    HAL_InitTick                             0x080020d1   Thumb Code   170  stm32f4xx_hal_timebase_tim.o(.text.HAL_InitTick)
    HAL_MspInit                              0x0800217d   Thumb Code    66  stm32f4xx_hal_msp.o(.text.HAL_MspInit)
    HAL_NVIC_EnableIRQ                       0x080021c1   Thumb Code    34  stm32f4xx_hal_cortex.o(.text.HAL_NVIC_EnableIRQ)
    HAL_NVIC_SetPriority                     0x080021e5   Thumb Code    86  stm32f4xx_hal_cortex.o(.text.HAL_NVIC_SetPriority)
    HAL_NVIC_SetPriorityGrouping             0x0800223d   Thumb Code    32  stm32f4xx_hal_cortex.o(.text.HAL_NVIC_SetPriorityGrouping)
    HAL_RCC_ClockConfig                      0x0800225d   Thumb Code   352  stm32f4xx_hal_rcc.o(.text.HAL_RCC_ClockConfig)
    HAL_RCC_GetClockConfig                   0x080023bd   Thumb Code    62  stm32f4xx_hal_rcc.o(.text.HAL_RCC_GetClockConfig)
    HAL_RCC_GetPCLK1Freq                     0x080023fd   Thumb Code    38  stm32f4xx_hal_rcc.o(.text.HAL_RCC_GetPCLK1Freq)
    HAL_RCC_GetPCLK2Freq                     0x08002425   Thumb Code    38  stm32f4xx_hal_rcc.o(.text.HAL_RCC_GetPCLK2Freq)
    HAL_RCC_GetSysClockFreq                  0x0800244d   Thumb Code   106  stm32f4xx_hal_rcc.o(.text.HAL_RCC_GetSysClockFreq)
    HAL_RCC_OscConfig                        0x080024b9   Thumb Code   860  stm32f4xx_hal_rcc.o(.text.HAL_RCC_OscConfig)
    HAL_TIMEx_BreakCallback                  0x08002815   Thumb Code     2  stm32f4xx_hal_tim_ex.o(.text.HAL_TIMEx_BreakCallback)
    HAL_TIMEx_CommutCallback                 0x08002819   Thumb Code     2  stm32f4xx_hal_tim_ex.o(.text.HAL_TIMEx_CommutCallback)
    HAL_TIM_Base_Init                        0x0800281d   Thumb Code    90  stm32f4xx_hal_tim.o(.text.HAL_TIM_Base_Init)
    HAL_TIM_Base_MspInit                     0x08002879   Thumb Code     2  stm32f4xx_hal_tim.o(.text.HAL_TIM_Base_MspInit)
    HAL_TIM_Base_Start_IT                    0x0800287d   Thumb Code   168  stm32f4xx_hal_tim.o(.text.HAL_TIM_Base_Start_IT)
    HAL_TIM_IC_CaptureCallback               0x08002925   Thumb Code     2  stm32f4xx_hal_tim.o(.text.HAL_TIM_IC_CaptureCallback)
    HAL_TIM_IRQHandler                       0x08002929   Thumb Code   330  stm32f4xx_hal_tim.o(.text.HAL_TIM_IRQHandler)
    HAL_TIM_OC_DelayElapsedCallback          0x08002a75   Thumb Code     2  stm32f4xx_hal_tim.o(.text.HAL_TIM_OC_DelayElapsedCallback)
    HAL_TIM_PWM_PulseFinishedCallback        0x08002a79   Thumb Code     2  stm32f4xx_hal_tim.o(.text.HAL_TIM_PWM_PulseFinishedCallback)
    HAL_TIM_PeriodElapsedCallback            0x08002a7d   Thumb Code    18  main.o(.text.HAL_TIM_PeriodElapsedCallback)
    HAL_TIM_TriggerCallback                  0x08002a91   Thumb Code     2  stm32f4xx_hal_tim.o(.text.HAL_TIM_TriggerCallback)
    HAL_UARTEx_ReceiveToIdle_DMA             0x08002a95   Thumb Code   104  stm32f4xx_hal_uart.o(.text.HAL_UARTEx_ReceiveToIdle_DMA)
    HAL_UARTEx_RxEventCallback               0x08002afd   Thumb Code   138  handle.o(.text.HAL_UARTEx_RxEventCallback)
    HAL_UART_DMAStop                         0x08002b89   Thumb Code   214  stm32f4xx_hal_uart.o(.text.HAL_UART_DMAStop)
    HAL_UART_ErrorCallback                   0x08002c61   Thumb Code   324  handle.o(.text.HAL_UART_ErrorCallback)
    HAL_UART_GetState                        0x08002da5   Thumb Code    14  stm32f4xx_hal_uart.o(.text.HAL_UART_GetState)
    HAL_UART_IRQHandler                      0x08002db5   Thumb Code   790  stm32f4xx_hal_uart.o(.text.HAL_UART_IRQHandler)
    HAL_UART_Init                            0x080030cd   Thumb Code    96  stm32f4xx_hal_uart.o(.text.HAL_UART_Init)
    HAL_UART_MspInit                         0x0800312d   Thumb Code  1208  usart.o(.text.HAL_UART_MspInit)
    HAL_UART_RxCpltCallback                  0x080035e5   Thumb Code     2  stm32f4xx_hal_uart.o(.text.HAL_UART_RxCpltCallback)
    HAL_UART_RxHalfCpltCallback              0x080035e9   Thumb Code     2  stm32f4xx_hal_uart.o(.text.HAL_UART_RxHalfCpltCallback)
    HAL_UART_Transmit_DMA                    0x080035ed   Thumb Code   146  stm32f4xx_hal_uart.o(.text.HAL_UART_Transmit_DMA)
    HAL_UART_TxCpltCallback                  0x08003681   Thumb Code    36  handle.o(.text.HAL_UART_TxCpltCallback)
    HAL_UART_TxHalfCpltCallback              0x080036a5   Thumb Code     2  stm32f4xx_hal_uart.o(.text.HAL_UART_TxHalfCpltCallback)
    HardFault_Handler                        0x080036a9   Thumb Code     2  stm32f4xx_it.o(.text.HardFault_Handler)
    InitListIterator                         0x080036ad   Thumb Code     8  mylist.o(.text.InitListIterator)
    IteraterGet                              0x080036b5   Thumb Code    10  mylist.o(.text.IteraterGet)
    IteraterNext                             0x080036c1   Thumb Code    12  mylist.o(.text.IteraterNext)
    ListAddElement                           0x080036cd   Thumb Code    60  mylist.o(.text.ListAddElement)
    ListCreate                               0x08003709   Thumb Code    20  mylist.o(.text.ListCreate)
    MX_CAN1_Init                             0x0800371d   Thumb Code    64  can.o(.text.MX_CAN1_Init)
    MX_CAN2_Init                             0x0800375d   Thumb Code    64  can.o(.text.MX_CAN2_Init)
    MX_DMA_Init                              0x0800379d   Thumb Code   220  dma.o(.text.MX_DMA_Init)
    MX_FREERTOS_Init                         0x08003879   Thumb Code    56  freertos.o(.text.MX_FREERTOS_Init)
    MX_GPIO_Init                             0x080038b1   Thumb Code   204  gpio.o(.text.MX_GPIO_Init)
    MX_UART4_Init                            0x0800397d   Thumb Code    60  usart.o(.text.MX_UART4_Init)
    MX_UART5_Init                            0x080039b9   Thumb Code    60  usart.o(.text.MX_UART5_Init)
    MX_USART2_UART_Init                      0x080039f5   Thumb Code    60  usart.o(.text.MX_USART2_UART_Init)
    MX_USART3_UART_Init                      0x08003a31   Thumb Code    60  usart.o(.text.MX_USART3_UART_Init)
    MX_USART6_UART_Init                      0x08003a6d   Thumb Code    64  usart.o(.text.MX_USART6_UART_Init)
    MemManage_Handler                        0x08003aad   Thumb Code     2  stm32f4xx_it.o(.text.MemManage_Handler)
    MyRecvCallback                           0x08003ab1   Thumb Code   156  chassis.o(.text.MyRecvCallback)
    NMI_Handler                              0x08003b55   Thumb Code     2  stm32f4xx_it.o(.text.NMI_Handler)
    PID_Control2                             0x08003b59   Thumb Code   154  pid_old.o(.text.PID_Control2)
    PendSV_Handler                           0x08003c01   Thumb Code   100  port.o(.text.PendSV_Handler)
    PollInit                                 0x08003c65   Thumb Code    76  data_poll.o(.text.PollInit)
    RS485Init                                0x08003cb1   Thumb Code    50  485_bus.o(.text.RS485Init)
    RS485RecvIRQ_Handler                     0x08003ce5   Thumb Code    62  485_bus.o(.text.RS485RecvIRQ_Handler)
    RS485SendIRQ_Handler                     0x08003d25   Thumb Code    72  485_bus.o(.text.RS485SendIRQ_Handler)
    ReceiveDataPackTask                      0x08003d6d   Thumb Code   610  comm.o(.text.ReceiveDataPackTask)
    Remote                                   0x08003fd1   Thumb Code   600  chassis.o(.text.Remote)
    RemoteCommInit                           0x08004249   Thumb Code   200  comm.o(.text.RemoteCommInit)
    Remote_Analysis                          0x0800433d   Thumb Code   244  chassis.o(.text.Remote_Analysis)
    ResetListIterator                        0x08004441   Thumb Code     8  mylist.o(.text.ResetListIterator)
    RobStrideEnable                          0x08004449   Thumb Code    52  robstride2.o(.text.RobStrideEnable)
    RobStrideInit                            0x0800447d   Thumb Code    12  robstride2.o(.text.RobStrideInit)
    RobStrideMotionControl                   0x08004489   Thumb Code   452  robstride2.o(.text.RobStrideMotionControl)
    RobStrideRecv_Handle                     0x080046a1   Thumb Code   392  robstride2.o(.text.RobStrideRecv_Handle)
    RobStrideResetAngle                      0x08004841   Thumb Code    54  robstride2.o(.text.RobStrideResetAngle)
    RobStrideSetMode                         0x08004879   Thumb Code    64  robstride2.o(.text.RobStrideSetMode)
    SVC_Handler                              0x080048c1   Thumb Code    36  port.o(.text.SVC_Handler)
    SendDataPackTask                         0x080048e5   Thumb Code   370  comm.o(.text.SendDataPackTask)
    Send_Action                              0x08004a59   Thumb Code    54  task_init.o(.text.Send_Action)
    StartDefaultTask                         0x08004a91   Thumb Code    20  freertos.o(.text.StartDefaultTask)
    SysTick_Handler                          0x08004aa5   Thumb Code    30  cmsis_os2.o(.text.SysTick_Handler)
    SystemClock_Config                       0x08004ac5   Thumb Code   166  main.o(.text.SystemClock_Config)
    SystemInit                               0x08004b6d   Thumb Code    18  system_stm32f4xx.o(.text.SystemInit)
    TIM1_UP_TIM10_IRQHandler                 0x08004b81   Thumb Code    12  stm32f4xx_it.o(.text.TIM1_UP_TIM10_IRQHandler)
    TIM_Base_SetConfig                       0x08004b8d   Thumb Code   300  stm32f4xx_hal_tim.o(.text.TIM_Base_SetConfig)
    Task_Init                                0x08004cb9   Thumb Code   220  task_init.o(.text.Task_Init)
    UART4_IRQHandler                         0x08004db9   Thumb Code    12  stm32f4xx_it.o(.text.UART4_IRQHandler)
    UART5_IRQHandler                         0x08004dc5   Thumb Code    12  stm32f4xx_it.o(.text.UART5_IRQHandler)
    UART_Start_Receive_DMA                   0x08005101   Thumb Code   170  stm32f4xx_hal_uart.o(.text.UART_Start_Receive_DMA)
    USART2_IRQHandler                        0x080051ad   Thumb Code    12  stm32f4xx_it.o(.text.USART2_IRQHandler)
    USART3_IRQHandler                        0x080051b9   Thumb Code    12  stm32f4xx_it.o(.text.USART3_IRQHandler)
    USART6_IRQHandler                        0x080051c5   Thumb Code    12  stm32f4xx_it.o(.text.USART6_IRQHandler)
    UsageFault_Handler                       0x080051d1   Thumb Code     2  stm32f4xx_it.o(.text.UsageFault_Handler)
    VESC_ReceiveHandler                      0x080051d9   Thumb Code   440  vesc.o(.text.VESC_ReceiveHandler)
    VESC_SetCurrent                          0x080053b1   Thumb Code    88  vesc.o(.text.VESC_SetCurrent)
    main                                     0x0800540d   Thumb Code    58  main.o(.text.main)
    osDelay                                  0x08005449   Thumb Code    32  cmsis_os2.o(.text.osDelay)
    osKernelInitialize                       0x08005469   Thumb Code    40  cmsis_os2.o(.text.osKernelInitialize)
    osKernelStart                            0x08005491   Thumb Code    60  cmsis_os2.o(.text.osKernelStart)
    osThreadNew                              0x080054cd   Thumb Code   190  cmsis_os2.o(.text.osThreadNew)
    pvPortMalloc                             0x08005c35   Thumb Code   416  heap_4.o(.text.pvPortMalloc)
    pvTaskIncrementMutexHeldCount            0x08005dd5   Thumb Code    24  tasks.o(.text.pvTaskIncrementMutexHeldCount)
    pxPortInitialiseStack                    0x08005ded   Thumb Code    36  port.o(.text.pxPortInitialiseStack)
    register_comm_recv_cb                    0x08005e11   Thumb Code    96  comm.o(.text.register_comm_recv_cb)
    ulTaskNotifyTake                         0x08005e71   Thumb Code   208  tasks.o(.text.ulTaskNotifyTake)
    uxListRemove                             0x08005f41   Thumb Code    36  list.o(.text.uxListRemove)
    vApplicationGetIdleTaskMemory            0x08005f65   Thumb Code    26  cmsis_os2.o(.text.vApplicationGetIdleTaskMemory)
    vApplicationGetTimerTaskMemory           0x08005f81   Thumb Code    28  cmsis_os2.o(.text.vApplicationGetTimerTaskMemory)
    vListInitialise                          0x08005f9d   Thumb Code    22  list.o(.text.vListInitialise)
    vListInitialiseItem                      0x08005fb5   Thumb Code     6  list.o(.text.vListInitialiseItem)
    vListInsert                              0x08005fbd   Thumb Code    58  list.o(.text.vListInsert)
    vListInsertEnd                           0x08005ff9   Thumb Code    28  list.o(.text.vListInsertEnd)
    vPortEnterCritical                       0x08006029   Thumb Code    70  port.o(.text.vPortEnterCritical)
    vPortExitCritical                        0x08006071   Thumb Code    46  port.o(.text.vPortExitCritical)
    vPortFree                                0x080060a1   Thumb Code   214  heap_4.o(.text.vPortFree)
    vPortSetupTimerInterrupt                 0x08006179   Thumb Code    52  port.o(.text.vPortSetupTimerInterrupt)
    vPortValidateInterruptPriority           0x080061ad   Thumb Code    98  port.o(.text.vPortValidateInterruptPriority)
    vQueueAddToRegistry                      0x08006211   Thumb Code    40  queue.o(.text.vQueueAddToRegistry)
    vQueueDelete                             0x08006239   Thumb Code    72  queue.o(.text.vQueueDelete)
    vQueueWaitForMessageRestricted           0x08006281   Thumb Code    70  queue.o(.text.vQueueWaitForMessageRestricted)
    vTaskDelay                               0x080062c9   Thumb Code   170  tasks.o(.text.vTaskDelay)
    vTaskDelayUntil                          0x08006375   Thumb Code   238  tasks.o(.text.vTaskDelayUntil)
    vTaskDelete                              0x08006465   Thumb Code   278  tasks.o(.text.vTaskDelete)
    vTaskInternalSetTimeOutState             0x0800657d   Thumb Code    26  tasks.o(.text.vTaskInternalSetTimeOutState)
    vTaskMissedYield                         0x08006599   Thumb Code    14  tasks.o(.text.vTaskMissedYield)
    vTaskPlaceOnEventList                    0x080065a9   Thumb Code   150  tasks.o(.text.vTaskPlaceOnEventList)
    vTaskPlaceOnEventListRestricted          0x08006641   Thumb Code   168  tasks.o(.text.vTaskPlaceOnEventListRestricted)
    vTaskPriorityDisinheritAfterTimeout      0x080066e9   Thumb Code   164  tasks.o(.text.vTaskPriorityDisinheritAfterTimeout)
    vTaskStartScheduler                      0x0800678d   Thumb Code   156  tasks.o(.text.vTaskStartScheduler)
    vTaskSuspendAll                          0x08006831   Thumb Code    16  tasks.o(.text.vTaskSuspendAll)
    vTaskSwitchContext                       0x08006841   Thumb Code   146  tasks.o(.text.vTaskSwitchContext)
    xPortStartScheduler                      0x080068d5   Thumb Code   302  port.o(.text.xPortStartScheduler)
    xPortSysTickHandler                      0x08006a05   Thumb Code    46  port.o(.text.xPortSysTickHandler)
    xQueueCreateMutex                        0x08006a35   Thumb Code   112  queue.o(.text.xQueueCreateMutex)
    xQueueGenericCreate                      0x08006aa5   Thumb Code   130  queue.o(.text.xQueueGenericCreate)
    xQueueGenericCreateStatic                0x08006b29   Thumb Code   218  queue.o(.text.xQueueGenericCreateStatic)
    xQueueGenericSend                        0x08006c05   Thumb Code   532  queue.o(.text.xQueueGenericSend)
    xQueueGiveFromISR                        0x08006e19   Thumb Code   182  queue.o(.text.xQueueGiveFromISR)
    xQueueReceive                            0x08006ed1   Thumb Code   424  queue.o(.text.xQueueReceive)
    xQueueSemaphoreTake                      0x08007079   Thumb Code   470  queue.o(.text.xQueueSemaphoreTake)
    xTaskCheckForTimeOut                     0x08007251   Thumb Code   140  tasks.o(.text.xTaskCheckForTimeOut)
    xTaskCreate                              0x080072dd   Thumb Code   220  tasks.o(.text.xTaskCreate)
    xTaskCreateStatic                        0x080073b9   Thumb Code   234  tasks.o(.text.xTaskCreateStatic)
    xTaskGetCurrentTaskHandle                0x080074a5   Thumb Code    12  tasks.o(.text.xTaskGetCurrentTaskHandle)
    xTaskGetSchedulerState                   0x080074b1   Thumb Code    38  tasks.o(.text.xTaskGetSchedulerState)
    xTaskGetTickCount                        0x080074d9   Thumb Code    12  tasks.o(.text.xTaskGetTickCount)
    xTaskIncrementTick                       0x080074e5   Thumb Code   366  tasks.o(.text.xTaskIncrementTick)
    xTaskPriorityDisinherit                  0x08007655   Thumb Code   154  tasks.o(.text.xTaskPriorityDisinherit)
    xTaskPriorityInherit                     0x080076f1   Thumb Code   146  tasks.o(.text.xTaskPriorityInherit)
    xTaskRemoveFromEventList                 0x08007785   Thumb Code   142  tasks.o(.text.xTaskRemoveFromEventList)
    xTaskResumeAll                           0x08007815   Thumb Code   308  tasks.o(.text.xTaskResumeAll)
    xTimerCreateTimerTask                    0x08007949   Thumb Code   108  timers.o(.text.xTimerCreateTimerTask)
    __aeabi_d2f                              0x080079bd   Thumb Code     0  d2f.o(x$fpl$d2f)
    _d2f                                     0x080079bd   Thumb Code    98  d2f.o(x$fpl$d2f)
    __aeabi_ddiv                             0x08007a21   Thumb Code     0  ddiv.o(x$fpl$ddiv)
    _ddiv                                    0x08007a21   Thumb Code   560  ddiv.o(x$fpl$ddiv)
    __aeabi_i2d                              0x08007cd9   Thumb Code     0  dflt_clz.o(x$fpl$dflt)
    _dflt                                    0x08007cd9   Thumb Code    46  dflt_clz.o(x$fpl$dflt)
    __aeabi_dmul                             0x08007d09   Thumb Code     0  dmul.o(x$fpl$dmul)
    _dmul                                    0x08007d09   Thumb Code   332  dmul.o(x$fpl$dmul)
    __fpl_dnaninf                            0x08007e5d   Thumb Code   156  dnaninf.o(x$fpl$dnaninf)
    __fpl_dretinf                            0x08007ef9   Thumb Code    12  dretinf.o(x$fpl$dretinf)
    __aeabi_f2d                              0x08007f05   Thumb Code     0  f2d.o(x$fpl$f2d)
    _f2d                                     0x08007f05   Thumb Code    86  f2d.o(x$fpl$f2d)
    __fpl_fnaninf                            0x08007f5b   Thumb Code   140  fnaninf.o(x$fpl$fnaninf)
    _fp_init                                 0x08007fe7   Thumb Code    26  fpinit.o(x$fpl$fpinit)
    __fplib_config_fpu_vfp                   0x08007fff   Thumb Code     0  fpinit.o(x$fpl$fpinit)
    __fplib_config_pureend_doubles           0x08007fff   Thumb Code     0  fpinit.o(x$fpl$fpinit)
    __fpl_fretinf                            0x08008001   Thumb Code    10  fretinf.o(x$fpl$fretinf)
    AHBPrescTable                            0x0800800a   Data          16  system_stm32f4xx.o(.rodata.AHBPrescTable)
    __I$use$fp                               0x0800800a   Number         0  usenofp.o(x$fpl$usenofp)
    APBPrescTable                            0x0800801a   Data           8  system_stm32f4xx.o(.rodata.APBPrescTable)
    defaultTask_attributes                   0x0800804c   Data          36  freertos.o(.rodata.defaultTask_attributes)
    Region$$Table$$Base                      0x0800807c   Number         0  anon$$obj.o(Region$$Table)
    Region$$Table$$Limit                     0x0800809c   Number         0  anon$$obj.o(Region$$Table)
    MODE                                     0x20000000   Data           1  chassis.o(.data.MODE)
    R_left_expect                            0x20000004   Data          20  ball_back.o(.data.R_left_expect)
    R_left_reset                             0x20000018   Data          20  ball_back.o(.data.R_left_reset)
    R_right_expect                           0x2000002c   Data          20  ball_back.o(.data.R_right_expect)
    R_right_reset                            0x20000040   Data          20  ball_back.o(.data.R_right_reset)
    SystemCoreClock                          0x20000054   Data           4  system_stm32f4xx.o(.data.SystemCoreClock)
    motor1                                   0x2000005c   Data          96  chassis.o(.data.motor1)
    motor2                                   0x200000bc   Data          96  chassis.o(.data.motor2)
    motor3                                   0x2000011c   Data          96  chassis.o(.data.motor3)
    recv_cb                                  0x2000017c   Data           4  chassis.o(.data.recv_cb)
    time                                     0x20000180   Data           4  ball_back.o(.data.time)
    uwTickFreq                               0x20000184   Data           1  stm32f4xx_hal.o(.data.uwTickFreq)
    uwTickPrio                               0x20000188   Data           4  stm32f4xx_hal.o(.data.uwTickPrio)
    __libspace_start                         0x20000190   Data          96  libspace.o(.bss)
    Ball_back_Handle                         0x200001f0   Data           4  ball_back.o(.bss.Ball_back_Handle)
    __temporary_stack_top$libspace           0x200001f0   Data           0  libspace.o(.bss)
    Control_Remote_Handle                    0x200001f4   Data           4  chassis.o(.bss.Control_Remote_Handle)
    R_left                                   0x20000200   Data         104  ball_back.o(.bss.R_left)
    R_right                                  0x20000268   Data         104  ball_back.o(.bss.R_right)
    Remote_Control                           0x200002d0   Data          40  stm32f4xx_it.o(.bss.Remote_Control)
    Remote_Handle                            0x200002f8   Data           4  chassis.o(.bss.Remote_Handle)
    Vx                                       0x200002fc   Data           4  chassis.o(.bss.Vx)
    Vy                                       0x20000300   Data           4  chassis.o(.bss.Vy)
    Wz                                       0x20000304   Data           4  chassis.o(.bss.Wz)
    defaultTaskHandle                        0x2000072c   Data           4  freertos.o(.bss.defaultTaskHandle)
    err_timer_cnt                            0x20000730   Data           4  hit_ball.o(.bss.err_timer_cnt)
    error_cnt                                0x20000734   Data           4  hit_ball.o(.bss.error_cnt)
    error_stats                              0x20000738   Data          36  hit_ball.o(.bss.error_stats)
    flag                                     0x2000075c   Data           1  ball_back.o(.bss.flag)
    g_comm_handle                            0x20000760   Data           4  comm_stm32_hal_middle.o(.bss.g_comm_handle)
    hcan1                                    0x20000764   Data          40  can.o(.bss.hcan1)
    hcan2                                    0x2000078c   Data          40  can.o(.bss.hcan2)
    hdma_uart4_rx                            0x200007b4   Data          96  usart.o(.bss.hdma_uart4_rx)
    hdma_uart4_tx                            0x20000814   Data          96  usart.o(.bss.hdma_uart4_tx)
    hdma_uart5_rx                            0x20000874   Data          96  usart.o(.bss.hdma_uart5_rx)
    hdma_uart5_tx                            0x200008d4   Data          96  usart.o(.bss.hdma_uart5_tx)
    hdma_usart2_rx                           0x20000934   Data          96  usart.o(.bss.hdma_usart2_rx)
    hdma_usart2_tx                           0x20000994   Data          96  usart.o(.bss.hdma_usart2_tx)
    hdma_usart3_rx                           0x200009f4   Data          96  usart.o(.bss.hdma_usart3_rx)
    hdma_usart3_tx                           0x20000a54   Data          96  usart.o(.bss.hdma_usart3_tx)
    hdma_usart6_rx                           0x20000ab4   Data          96  usart.o(.bss.hdma_usart6_rx)
    hdma_usart6_tx                           0x20000b14   Data          96  usart.o(.bss.hdma_usart6_tx)
    htim1                                    0x20000b74   Data          72  stm32f4xx_hal_timebase_tim.o(.bss.htim1)
    huart2                                   0x20000bbc   Data          72  usart.o(.bss.huart2)
    huart3                                   0x20000c04   Data          72  usart.o(.bss.huart3)
    huart4                                   0x20000c4c   Data          72  usart.o(.bss.huart4)
    huart5                                   0x20000c94   Data          72  usart.o(.bss.huart5)
    huart6                                   0x20000cdc   Data          72  usart.o(.bss.huart6)
    last_error_time                          0x20000d48   Data           4  hit_ball.o(.bss.last_error_time)
    pxCurrentTCB                             0x20000e50   Data           4  tasks.o(.bss.pxCurrentTCB)
    recv_buff                                0x200012c8   Data          20  chassis.o(.bss.recv_buff)
    recv_pack                                0x200013e0   Data          20  chassis.o(.bss.recv_pack)
    remote_semaphore                         0x200013f4   Data           4  freertos.o(.bss.remote_semaphore)
    rocker_filter                            0x200013f8   Data          16  chassis.o(.bss.rocker_filter)
    rs485bus                                 0x20001408   Data          24  hit_ball.o(.bss.rs485bus)
    traj_left                                0x200016a8   Data          36  ball_back.o(.bss.traj_left)
    traj_left_state                          0x200016cc   Data          12  ball_back.o(.bss.traj_left_state)
    traj_right                               0x200016d8   Data          36  ball_back.o(.bss.traj_right)
    traj_right_state                         0x200016fc   Data          12  ball_back.o(.bss.traj_right_state)
    usart5_buff                              0x20005318   Data          30  chassis.o(.bss.usart5_buff)
    uwTick                                   0x20005338   Data           4  stm32f4xx_hal.o(.bss.uwTick)
    v1                                       0x20005350   Data           4  chassis.o(.bss.v1)
    v2                                       0x20005354   Data           4  chassis.o(.bss.v2)
    v3                                       0x20005358   Data           4  chassis.o(.bss.v3)
    wheel_one                                0x20005a14   Data           4  chassis.o(.bss.wheel_one)
    wheel_three                              0x20005a18   Data           4  chassis.o(.bss.wheel_three)
    wheel_two                                0x20005a1c   Data           4  chassis.o(.bss.wheel_two)
    xQueueRegistry                           0x20005aa8   Data          64  queue.o(.bss.xQueueRegistry)



==============================================================================

Memory Map of the image

  Image Entry point : 0x08000189

  Load Region LR_IROM1 (Base: 0x08000000, Size: 0x00008230, Max: 0x00080000, ABSOLUTE, COMPRESSED[0x00008110])

    Execution Region ER_IROM1 (Exec base: 0x08000000, Load base: 0x08000000, Size: 0x0000809c, Max: 0x00080000, ABSOLUTE)

    Exec Addr    Load Addr    Size         Type   Attr      Idx    E Section Name        Object

    0x08000000   0x08000000   0x00000188   Data   RO            3    RESET               startup_stm32f407xx.o
    0x08000188   0x08000188   0x00000008   Code   RO         2257  * !!!main             c_w.l(__main.o)
    0x08000190   0x08000190   0x0000005c   Code   RO         2513    !!!scatter          c_w.l(__scatter.o)
    0x080001ec   0x080001ec   0x0000003a   Code   RO         2511    !!dczerorl          c_w.l(__dczerorl.o)
    0x08000226   0x08000226   0x00000002   PAD
    0x08000228   0x08000228   0x00000002   Code   RO         2514    !!handler_null      c_w.l(__scatter.o)
    0x0800022a   0x0800022a   0x00000002   PAD
    0x0800022c   0x0800022c   0x0000001c   Code   RO         2517    !!handler_zi        c_w.l(__scatter_zi.o)
    0x08000248   0x08000248   0x00000002   Code   RO         2446    .ARM.Collect$$libinit$$00000000  c_w.l(libinit.o)
    0x0800024a   0x0800024a   0x00000004   Code   RO         2319    .ARM.Collect$$libinit$$00000001  c_w.l(libinit2.o)
    0x0800024e   0x0800024e   0x00000000   Code   RO         2322    .ARM.Collect$$libinit$$00000004  c_w.l(libinit2.o)
    0x0800024e   0x0800024e   0x00000000   Code   RO         2324    .ARM.Collect$$libinit$$00000006  c_w.l(libinit2.o)
    0x0800024e   0x0800024e   0x00000008   Code   RO         2325    .ARM.Collect$$libinit$$00000007  c_w.l(libinit2.o)
    0x08000256   0x08000256   0x00000000   Code   RO         2327    .ARM.Collect$$libinit$$0000000C  c_w.l(libinit2.o)
    0x08000256   0x08000256   0x00000000   Code   RO         2329    .ARM.Collect$$libinit$$0000000E  c_w.l(libinit2.o)
    0x08000256   0x08000256   0x00000000   Code   RO         2331    .ARM.Collect$$libinit$$00000010  c_w.l(libinit2.o)
    0x08000256   0x08000256   0x00000000   Code   RO         2334    .ARM.Collect$$libinit$$00000013  c_w.l(libinit2.o)
    0x08000256   0x08000256   0x00000000   Code   RO         2336    .ARM.Collect$$libinit$$00000015  c_w.l(libinit2.o)
    0x08000256   0x08000256   0x00000000   Code   RO         2338    .ARM.Collect$$libinit$$00000017  c_w.l(libinit2.o)
    0x08000256   0x08000256   0x00000000   Code   RO         2340    .ARM.Collect$$libinit$$00000019  c_w.l(libinit2.o)
    0x08000256   0x08000256   0x00000000   Code   RO         2342    .ARM.Collect$$libinit$$0000001B  c_w.l(libinit2.o)
    0x08000256   0x08000256   0x00000000   Code   RO         2344    .ARM.Collect$$libinit$$0000001D  c_w.l(libinit2.o)
    0x08000256   0x08000256   0x00000000   Code   RO         2346    .ARM.Collect$$libinit$$0000001F  c_w.l(libinit2.o)
    0x08000256   0x08000256   0x00000000   Code   RO         2348    .ARM.Collect$$libinit$$00000021  c_w.l(libinit2.o)
    0x08000256   0x08000256   0x00000000   Code   RO         2350    .ARM.Collect$$libinit$$00000023  c_w.l(libinit2.o)
    0x08000256   0x08000256   0x00000000   Code   RO         2352    .ARM.Collect$$libinit$$00000025  c_w.l(libinit2.o)
    0x08000256   0x08000256   0x00000000   Code   RO         2354    .ARM.Collect$$libinit$$00000027  c_w.l(libinit2.o)
    0x08000256   0x08000256   0x00000000   Code   RO         2358    .ARM.Collect$$libinit$$0000002E  c_w.l(libinit2.o)
    0x08000256   0x08000256   0x00000000   Code   RO         2360    .ARM.Collect$$libinit$$00000030  c_w.l(libinit2.o)
    0x08000256   0x08000256   0x00000000   Code   RO         2362    .ARM.Collect$$libinit$$00000032  c_w.l(libinit2.o)
    0x08000256   0x08000256   0x00000000   Code   RO         2364    .ARM.Collect$$libinit$$00000034  c_w.l(libinit2.o)
    0x08000256   0x08000256   0x00000002   Code   RO         2365    .ARM.Collect$$libinit$$00000035  c_w.l(libinit2.o)
    0x08000258   0x08000258   0x00000002   Code   RO         2508    .ARM.Collect$$libshutdown$$00000000  c_w.l(libshutdown.o)
    0x0800025a   0x0800025a   0x00000000   Code   RO         2464    .ARM.Collect$$libshutdown$$00000002  c_w.l(libshutdown2.o)
    0x0800025a   0x0800025a   0x00000000   Code   RO         2466    .ARM.Collect$$libshutdown$$00000004  c_w.l(libshutdown2.o)
    0x0800025a   0x0800025a   0x00000000   Code   RO         2469    .ARM.Collect$$libshutdown$$00000007  c_w.l(libshutdown2.o)
    0x0800025a   0x0800025a   0x00000000   Code   RO         2472    .ARM.Collect$$libshutdown$$0000000A  c_w.l(libshutdown2.o)
    0x0800025a   0x0800025a   0x00000000   Code   RO         2474    .ARM.Collect$$libshutdown$$0000000C  c_w.l(libshutdown2.o)
    0x0800025a   0x0800025a   0x00000000   Code   RO         2477    .ARM.Collect$$libshutdown$$0000000F  c_w.l(libshutdown2.o)
    0x0800025a   0x0800025a   0x00000002   Code   RO         2478    .ARM.Collect$$libshutdown$$00000010  c_w.l(libshutdown2.o)
    0x0800025c   0x0800025c   0x00000000   Code   RO         2287    .ARM.Collect$$rtentry$$00000000  c_w.l(__rtentry.o)
    0x0800025c   0x0800025c   0x00000000   Code   RO         2383    .ARM.Collect$$rtentry$$00000002  c_w.l(__rtentry2.o)
    0x0800025c   0x0800025c   0x00000006   Code   RO         2395    .ARM.Collect$$rtentry$$00000004  c_w.l(__rtentry4.o)
    0x08000262   0x08000262   0x00000000   Code   RO         2385    .ARM.Collect$$rtentry$$00000009  c_w.l(__rtentry2.o)
    0x08000262   0x08000262   0x00000004   Code   RO         2386    .ARM.Collect$$rtentry$$0000000A  c_w.l(__rtentry2.o)
    0x08000266   0x08000266   0x00000000   Code   RO         2388    .ARM.Collect$$rtentry$$0000000C  c_w.l(__rtentry2.o)
    0x08000266   0x08000266   0x00000008   Code   RO         2389    .ARM.Collect$$rtentry$$0000000D  c_w.l(__rtentry2.o)
    0x0800026e   0x0800026e   0x00000002   Code   RO         2451    .ARM.Collect$$rtexit$$00000000  c_w.l(rtexit.o)
    0x08000270   0x08000270   0x00000000   Code   RO         2484    .ARM.Collect$$rtexit$$00000002  c_w.l(rtexit2.o)
    0x08000270   0x08000270   0x00000004   Code   RO         2485    .ARM.Collect$$rtexit$$00000003  c_w.l(rtexit2.o)
    0x08000274   0x08000274   0x00000006   Code   RO         2486    .ARM.Collect$$rtexit$$00000004  c_w.l(rtexit2.o)
    0x0800027a   0x0800027a   0x00000002   PAD
    0x0800027c   0x0800027c   0x00000040   Code   RO            4    .text               startup_stm32f407xx.o
    0x080002bc   0x080002bc   0x0000005e   Code   RO         2185    .text               c_w.l(h1_alloc.o)
    0x0800031a   0x0800031a   0x0000004e   Code   RO         2187    .text               c_w.l(h1_free.o)
    0x08000368   0x08000368   0x000000f0   Code   RO         2243    .text               c_w.l(lludivv7m.o)
    0x08000458   0x08000458   0x0000008a   Code   RO         2245    .text               c_w.l(rt_memcpy_v6.o)
    0x080004e2   0x080004e2   0x00000010   Code   RO         2249    .text               c_w.l(aeabi_memset4.o)
    0x080004f2   0x080004f2   0x00000044   Code   RO         2251    .text               c_w.l(rt_memclr.o)
    0x08000536   0x08000536   0x0000004e   Code   RO         2253    .text               c_w.l(rt_memclr_w.o)
    0x08000584   0x08000584   0x00000006   Code   RO         2255    .text               c_w.l(heapauxi.o)
    0x0800058a   0x0800058a   0x00000002   PAD
    0x0800058c   0x0800058c   0x00000008   Code   RO         2295    .text               c_w.l(rt_heap_descriptor_intlibspace.o)
    0x08000594   0x08000594   0x00000004   Code   RO         2297    .text               c_w.l(hguard.o)
    0x08000598   0x08000598   0x0000008a   Code   RO         2299    .text               c_w.l(init_alloc.o)
    0x08000622   0x08000622   0x0000000c   Code   RO         2303    .text               c_w.l(h1_init.o)
    0x0800062e   0x0800062e   0x00000064   Code   RO         2315    .text               c_w.l(rt_memcpy_w.o)
    0x08000692   0x08000692   0x00000002   PAD
    0x08000694   0x08000694   0x00000008   Code   RO         2379    .text               c_w.l(libspace.o)
    0x0800069c   0x0800069c   0x00000000   Code   RO         2401    .text               c_w.l(maybetermalloc1.o)
    0x0800069c   0x0800069c   0x00000034   Code   RO         2403    .text               c_w.l(h1_extend.o)
    0x080006d0   0x080006d0   0x0000000e   Code   RO         2407    .text               c_w.l(defsig_rtmem_outer.o)
    0x080006de   0x080006de   0x00000002   Code   RO         2418    .text               c_w.l(use_no_semi.o)
    0x080006e0   0x080006e0   0x00000000   Code   RO         2420    .text               c_w.l(indicate_semi.o)
    0x080006e0   0x080006e0   0x0000004a   Code   RO         2421    .text               c_w.l(sys_stackheap_outer.o)
    0x0800072a   0x0800072a   0x00000012   Code   RO         2427    .text               c_w.l(exit.o)
    0x0800073c   0x0800073c   0x0000000a   Code   RO         2429    .text               c_w.l(defsig_exit.o)
    0x08000746   0x08000746   0x00000002   PAD
    0x08000748   0x08000748   0x00000050   Code   RO         2435    .text               c_w.l(defsig_rtmem_inner.o)
    0x08000798   0x08000798   0x0000000c   Code   RO         2447    .text               c_w.l(sys_exit.o)
    0x080007a4   0x080007a4   0x00000032   Code   RO         2459    .text               c_w.l(defsig_general.o)
    0x080007d6   0x080007d6   0x0000000e   Code   RO         2479    .text               c_w.l(sys_wrch.o)
    0x080007e4   0x080007e4   0x000000e6   Code   RO         2098    .text.ACKTimeoutCheckTask  comm.o
    0x080008ca   0x080008ca   0x00000002   PAD
    0x080008cc   0x080008cc   0x00000320   Code   RO         1813    .text.Ball_back     ball_back.o
    0x08000bec   0x08000bec   0x00000002   Code   RO          123    .text.BusFault_Handler  stm32f4xx_it.o
    0x08000bee   0x08000bee   0x00000002   PAD
    0x08000bf0   0x08000bf0   0x0000000c   Code   RO          145    .text.CAN1_RX0_IRQHandler  stm32f4xx_it.o
    0x08000bfc   0x08000bfc   0x0000000c   Code   RO          143    .text.CAN1_TX_IRQHandler  stm32f4xx_it.o
    0x08000c08   0x08000c08   0x0000000c   Code   RO          163    .text.CAN2_RX1_IRQHandler  stm32f4xx_it.o
    0x08000c14   0x08000c14   0x0000000c   Code   RO          161    .text.CAN2_TX_IRQHandler  stm32f4xx_it.o
    0x08000c20   0x08000c20   0x0000003c   Code   RO         1923    .text.CAN_Receive_DataFrame  candrive.o
    0x08000c5c   0x08000c5c   0x0000004e   Code   RO         1919    .text.CanFilter_Init  candrive.o
    0x08000caa   0x08000caa   0x00000002   PAD
    0x08000cac   0x08000cac   0x00000004   Code   RO         2145    .text.Comm_GetTickMS  comm_stm32_hal_middle.o
    0x08000cb0   0x08000cb0   0x000000ac   Code   RO         2133    .text.Comm_Init     comm_stm32_hal_middle.o
    0x08000d5c   0x08000d5c   0x00000134   Code   RO         2143    .text.Comm_Read_Timeout  comm_stm32_hal_middle.o
    0x08000e90   0x08000e90   0x00000068   Code   RO         2135    .text.Comm_TxTask   comm_stm32_hal_middle.o
    0x08000ef8   0x08000ef8   0x00000110   Code   RO         2137    .text.Comm_UART_IRQ_Handle  comm_stm32_hal_middle.o
    0x08001008   0x08001008   0x00000042   Code   RO         2147    .text.Comm_Write    comm_stm32_hal_middle.o
    0x0800104a   0x0800104a   0x00000002   PAD
    0x0800104c   0x0800104c   0x0000003e   Code   RO         1731    .text.Control_Remote  chassis.o
    0x0800108a   0x0800108a   0x00000002   PAD
    0x0800108c   0x0800108c   0x000000c4   Code   RO         1969    .text.Cubic_GetFullState  step.o
    0x08001150   0x08001150   0x000000a4   Code   RO         1967    .text.Cubic_SetTrajectory  step.o
    0x080011f4   0x080011f4   0x0000000c   Code   RO          129    .text.DMA1_Stream0_IRQHandler  stm32f4xx_it.o
    0x08001200   0x08001200   0x0000000c   Code   RO          131    .text.DMA1_Stream1_IRQHandler  stm32f4xx_it.o
    0x0800120c   0x0800120c   0x0000000c   Code   RO          133    .text.DMA1_Stream2_IRQHandler  stm32f4xx_it.o
    0x08001218   0x08001218   0x0000000c   Code   RO          135    .text.DMA1_Stream3_IRQHandler  stm32f4xx_it.o
    0x08001224   0x08001224   0x0000000c   Code   RO          137    .text.DMA1_Stream4_IRQHandler  stm32f4xx_it.o
    0x08001230   0x08001230   0x0000000c   Code   RO          139    .text.DMA1_Stream5_IRQHandler  stm32f4xx_it.o
    0x0800123c   0x0800123c   0x0000000c   Code   RO          141    .text.DMA1_Stream6_IRQHandler  stm32f4xx_it.o
    0x08001248   0x08001248   0x0000000c   Code   RO          153    .text.DMA1_Stream7_IRQHandler  stm32f4xx_it.o
    0x08001254   0x08001254   0x0000000c   Code   RO          159    .text.DMA2_Stream1_IRQHandler  stm32f4xx_it.o
    0x08001260   0x08001260   0x0000000c   Code   RO          165    .text.DMA2_Stream6_IRQHandler  stm32f4xx_it.o
    0x0800126c   0x0800126c   0x00000002   Code   RO          127    .text.DebugMon_Handler  stm32f4xx_it.o
    0x0800126e   0x0800126e   0x00000002   PAD
    0x08001270   0x08001270   0x00000006   Code   RO           15    .text.Error_Handler  main.o
    0x08001276   0x08001276   0x00000002   PAD
    0x08001278   0x08001278   0x00000026   Code   RO          554    .text.HAL_CAN_ActivateNotification  stm32f4xx_hal_can.o
    0x0800129e   0x0800129e   0x00000002   PAD
    0x080012a0   0x080012a0   0x00000094   Code   RO          540    .text.HAL_CAN_AddTxMessage  stm32f4xx_hal_can.o
    0x08001334   0x08001334   0x000000de   Code   RO          530    .text.HAL_CAN_ConfigFilter  stm32f4xx_hal_can.o
    0x08001412   0x08001412   0x00000002   PAD
    0x08001414   0x08001414   0x00000002   Code   RO          584    .text.HAL_CAN_ErrorCallback  stm32f4xx_hal_can.o
    0x08001416   0x08001416   0x00000002   PAD
    0x08001418   0x08001418   0x0000011c   Code   RO          550    .text.HAL_CAN_GetRxMessage  stm32f4xx_hal_can.o
    0x08001534   0x08001534   0x00000242   Code   RO          558    .text.HAL_CAN_IRQHandler  stm32f4xx_hal_can.o
    0x08001776   0x08001776   0x00000002   PAD
    0x08001778   0x08001778   0x000000f4   Code   RO          520    .text.HAL_CAN_Init  stm32f4xx_hal_can.o
    0x0800186c   0x0800186c   0x00000126   Code   RO           56    .text.HAL_CAN_MspInit  can.o
    0x08001992   0x08001992   0x00000002   PAD
    0x08001994   0x08001994   0x00000002   Code   RO          572    .text.HAL_CAN_RxFifo0FullCallback  stm32f4xx_hal_can.o
    0x08001996   0x08001996   0x00000002   PAD
    0x08001998   0x08001998   0x00000040   Code   RO         1815    .text.HAL_CAN_RxFifo0MsgPendingCallback  ball_back.o
    0x080019d8   0x080019d8   0x00000002   Code   RO          576    .text.HAL_CAN_RxFifo1FullCallback  stm32f4xx_hal_can.o
    0x080019da   0x080019da   0x00000002   PAD
    0x080019dc   0x080019dc   0x0000005e   Code   RO         1733    .text.HAL_CAN_RxFifo1MsgPendingCallback  chassis.o
    0x08001a3a   0x08001a3a   0x00000002   PAD
    0x08001a3c   0x08001a3c   0x00000002   Code   RO          580    .text.HAL_CAN_SleepCallback  stm32f4xx_hal_can.o
    0x08001a3e   0x08001a3e   0x00000002   PAD
    0x08001a40   0x08001a40   0x0000005a   Code   RO          532    .text.HAL_CAN_Start  stm32f4xx_hal_can.o
    0x08001a9a   0x08001a9a   0x00000002   PAD
    0x08001a9c   0x08001a9c   0x00000002   Code   RO          562    .text.HAL_CAN_TxMailbox0AbortCallback  stm32f4xx_hal_can.o
    0x08001a9e   0x08001a9e   0x00000002   PAD
    0x08001aa0   0x08001aa0   0x00000002   Code   RO          560    .text.HAL_CAN_TxMailbox0CompleteCallback  stm32f4xx_hal_can.o
    0x08001aa2   0x08001aa2   0x00000002   PAD
    0x08001aa4   0x08001aa4   0x00000002   Code   RO          566    .text.HAL_CAN_TxMailbox1AbortCallback  stm32f4xx_hal_can.o
    0x08001aa6   0x08001aa6   0x00000002   PAD
    0x08001aa8   0x08001aa8   0x00000002   Code   RO          564    .text.HAL_CAN_TxMailbox1CompleteCallback  stm32f4xx_hal_can.o
    0x08001aaa   0x08001aaa   0x00000002   PAD
    0x08001aac   0x08001aac   0x00000002   Code   RO          570    .text.HAL_CAN_TxMailbox2AbortCallback  stm32f4xx_hal_can.o
    0x08001aae   0x08001aae   0x00000002   PAD
    0x08001ab0   0x08001ab0   0x00000002   Code   RO          568    .text.HAL_CAN_TxMailbox2CompleteCallback  stm32f4xx_hal_can.o
    0x08001ab2   0x08001ab2   0x00000002   PAD
    0x08001ab4   0x08001ab4   0x00000002   Code   RO          582    .text.HAL_CAN_WakeUpFromRxMsgCallback  stm32f4xx_hal_can.o
    0x08001ab6   0x08001ab6   0x00000002   PAD
    0x08001ab8   0x08001ab8   0x00000080   Code   RO          756    .text.HAL_DMA_Abort  stm32f4xx_hal_dma.o
    0x08001b38   0x08001b38   0x00000024   Code   RO          758    .text.HAL_DMA_Abort_IT  stm32f4xx_hal_dma.o
    0x08001b5c   0x08001b5c   0x00000188   Code   RO          762    .text.HAL_DMA_IRQHandler  stm32f4xx_hal_dma.o
    0x08001ce4   0x08001ce4   0x0000013e   Code   RO          748    .text.HAL_DMA_Init  stm32f4xx_hal_dma.o
    0x08001e22   0x08001e22   0x00000002   PAD
    0x08001e24   0x08001e24   0x000000a0   Code   RO          754    .text.HAL_DMA_Start_IT  stm32f4xx_hal_dma.o
    0x08001ec4   0x08001ec4   0x00000194   Code   RO          710    .text.HAL_GPIO_Init  stm32f4xx_hal_gpio.o
    0x08002058   0x08002058   0x0000000a   Code   RO          714    .text.HAL_GPIO_ReadPin  stm32f4xx_hal_gpio.o
    0x08002062   0x08002062   0x00000002   PAD
    0x08002064   0x08002064   0x0000000a   Code   RO          716    .text.HAL_GPIO_WritePin  stm32f4xx_hal_gpio.o
    0x0800206e   0x0800206e   0x00000002   PAD
    0x08002070   0x08002070   0x0000000c   Code   RO          907    .text.HAL_GetTick   stm32f4xx_hal.o
    0x0800207c   0x0800207c   0x0000001a   Code   RO          905    .text.HAL_IncTick   stm32f4xx_hal.o
    0x08002096   0x08002096   0x00000002   PAD
    0x08002098   0x08002098   0x00000036   Code   RO          895    .text.HAL_Init      stm32f4xx_hal.o
    0x080020ce   0x080020ce   0x00000002   PAD
    0x080020d0   0x080020d0   0x000000aa   Code   RO          186    .text.HAL_InitTick  stm32f4xx_hal_timebase_tim.o
    0x0800217a   0x0800217a   0x00000002   PAD
    0x0800217c   0x0800217c   0x00000042   Code   RO          177    .text.HAL_MspInit   stm32f4xx_hal_msp.o
    0x080021be   0x080021be   0x00000002   PAD
    0x080021c0   0x080021c0   0x00000022   Code   RO          847    .text.HAL_NVIC_EnableIRQ  stm32f4xx_hal_cortex.o
    0x080021e2   0x080021e2   0x00000002   PAD
    0x080021e4   0x080021e4   0x00000056   Code   RO          845    .text.HAL_NVIC_SetPriority  stm32f4xx_hal_cortex.o
    0x0800223a   0x0800223a   0x00000002   PAD
    0x0800223c   0x0800223c   0x00000020   Code   RO          843    .text.HAL_NVIC_SetPriorityGrouping  stm32f4xx_hal_cortex.o
    0x0800225c   0x0800225c   0x00000160   Code   RO          604    .text.HAL_RCC_ClockConfig  stm32f4xx_hal_rcc.o
    0x080023bc   0x080023bc   0x0000003e   Code   RO          622    .text.HAL_RCC_GetClockConfig  stm32f4xx_hal_rcc.o
    0x080023fa   0x080023fa   0x00000002   PAD
    0x080023fc   0x080023fc   0x00000026   Code   RO          616    .text.HAL_RCC_GetPCLK1Freq  stm32f4xx_hal_rcc.o
    0x08002422   0x08002422   0x00000002   PAD
    0x08002424   0x08002424   0x00000026   Code   RO          618    .text.HAL_RCC_GetPCLK2Freq  stm32f4xx_hal_rcc.o
    0x0800244a   0x0800244a   0x00000002   PAD
    0x0800244c   0x0800244c   0x0000006a   Code   RO          606    .text.HAL_RCC_GetSysClockFreq  stm32f4xx_hal_rcc.o
    0x080024b6   0x080024b6   0x00000002   PAD
    0x080024b8   0x080024b8   0x0000035c   Code   RO          602    .text.HAL_RCC_OscConfig  stm32f4xx_hal_rcc.o
    0x08002814   0x08002814   0x00000002   Code   RO          506    .text.HAL_TIMEx_BreakCallback  stm32f4xx_hal_tim_ex.o
    0x08002816   0x08002816   0x00000002   PAD
    0x08002818   0x08002818   0x00000002   Code   RO          502    .text.HAL_TIMEx_CommutCallback  stm32f4xx_hal_tim_ex.o
    0x0800281a   0x0800281a   0x00000002   PAD
    0x0800281c   0x0800281c   0x0000005a   Code   RO          201    .text.HAL_TIM_Base_Init  stm32f4xx_hal_tim.o
    0x08002876   0x08002876   0x00000002   PAD
    0x08002878   0x08002878   0x00000002   Code   RO          203    .text.HAL_TIM_Base_MspInit  stm32f4xx_hal_tim.o
    0x0800287a   0x0800287a   0x00000002   PAD
    0x0800287c   0x0800287c   0x000000a8   Code   RO          215    .text.HAL_TIM_Base_Start_IT  stm32f4xx_hal_tim.o
    0x08002924   0x08002924   0x00000002   Code   RO          337    .text.HAL_TIM_IC_CaptureCallback  stm32f4xx_hal_tim.o
    0x08002926   0x08002926   0x00000002   PAD
    0x08002928   0x08002928   0x0000014a   Code   RO          335    .text.HAL_TIM_IRQHandler  stm32f4xx_hal_tim.o
    0x08002a72   0x08002a72   0x00000002   PAD
    0x08002a74   0x08002a74   0x00000002   Code   RO          339    .text.HAL_TIM_OC_DelayElapsedCallback  stm32f4xx_hal_tim.o
    0x08002a76   0x08002a76   0x00000002   PAD
    0x08002a78   0x08002a78   0x00000002   Code   RO          341    .text.HAL_TIM_PWM_PulseFinishedCallback  stm32f4xx_hal_tim.o
    0x08002a7a   0x08002a7a   0x00000002   PAD
    0x08002a7c   0x08002a7c   0x00000012   Code   RO           17    .text.HAL_TIM_PeriodElapsedCallback  main.o
    0x08002a8e   0x08002a8e   0x00000002   PAD
    0x08002a90   0x08002a90   0x00000002   Code   RO          345    .text.HAL_TIM_TriggerCallback  stm32f4xx_hal_tim.o
    0x08002a92   0x08002a92   0x00000002   PAD
    0x08002a94   0x08002a94   0x00000068   Code   RO         1034    .text.HAL_UARTEx_ReceiveToIdle_DMA  stm32f4xx_hal_uart.o
    0x08002afc   0x08002afc   0x0000008a   Code   RO         1799    .text.HAL_UARTEx_RxEventCallback  handle.o
    0x08002b86   0x08002b86   0x00000002   PAD
    0x08002b88   0x08002b88   0x000000d6   Code   RO         1028    .text.HAL_UART_DMAStop  stm32f4xx_hal_uart.o
    0x08002c5e   0x08002c5e   0x00000002   PAD
    0x08002c60   0x08002c60   0x00000144   Code   RO         1801    .text.HAL_UART_ErrorCallback  handle.o
    0x08002da4   0x08002da4   0x0000000e   Code   RO         1092    .text.HAL_UART_GetState  stm32f4xx_hal_uart.o
    0x08002db2   0x08002db2   0x00000002   PAD
    0x08002db4   0x08002db4   0x00000316   Code   RO         1064    .text.HAL_UART_IRQHandler  stm32f4xx_hal_uart.o
    0x080030ca   0x080030ca   0x00000002   PAD
    0x080030cc   0x080030cc   0x00000060   Code   RO          986    .text.HAL_UART_Init  stm32f4xx_hal_uart.o
    0x0800312c   0x0800312c   0x000004b8   Code   RO           90    .text.HAL_UART_MspInit  usart.o
    0x080035e4   0x080035e4   0x00000002   Code   RO         1078    .text.HAL_UART_RxCpltCallback  stm32f4xx_hal_uart.o
    0x080035e6   0x080035e6   0x00000002   PAD
    0x080035e8   0x080035e8   0x00000002   Code   RO         1080    .text.HAL_UART_RxHalfCpltCallback  stm32f4xx_hal_uart.o
    0x080035ea   0x080035ea   0x00000002   PAD
    0x080035ec   0x080035ec   0x00000092   Code   RO         1012    .text.HAL_UART_Transmit_DMA  stm32f4xx_hal_uart.o
    0x0800367e   0x0800367e   0x00000002   PAD
    0x08003680   0x08003680   0x00000024   Code   RO         1803    .text.HAL_UART_TxCpltCallback  handle.o
    0x080036a4   0x080036a4   0x00000002   Code   RO         1076    .text.HAL_UART_TxHalfCpltCallback  stm32f4xx_hal_uart.o
    0x080036a6   0x080036a6   0x00000002   PAD
    0x080036a8   0x080036a8   0x00000002   Code   RO          119    .text.HardFault_Handler  stm32f4xx_it.o
    0x080036aa   0x080036aa   0x00000002   PAD
    0x080036ac   0x080036ac   0x00000008   Code   RO         2040    .text.InitListIterator  mylist.o
    0x080036b4   0x080036b4   0x0000000a   Code   RO         2044    .text.IteraterGet   mylist.o
    0x080036be   0x080036be   0x00000002   PAD
    0x080036c0   0x080036c0   0x0000000c   Code   RO         2046    .text.IteraterNext  mylist.o
    0x080036cc   0x080036cc   0x0000003c   Code   RO         2030    .text.ListAddElement  mylist.o
    0x08003708   0x08003708   0x00000014   Code   RO         2026    .text.ListCreate    mylist.o
    0x0800371c   0x0800371c   0x00000040   Code   RO           52    .text.MX_CAN1_Init  can.o
    0x0800375c   0x0800375c   0x00000040   Code   RO           54    .text.MX_CAN2_Init  can.o
    0x0800379c   0x0800379c   0x000000dc   Code   RO           71    .text.MX_DMA_Init   dma.o
    0x08003878   0x08003878   0x00000038   Code   RO           37    .text.MX_FREERTOS_Init  freertos.o
    0x080038b0   0x080038b0   0x000000cc   Code   RO           28    .text.MX_GPIO_Init  gpio.o
    0x0800397c   0x0800397c   0x0000003c   Code   RO           80    .text.MX_UART4_Init  usart.o
    0x080039b8   0x080039b8   0x0000003c   Code   RO           82    .text.MX_UART5_Init  usart.o
    0x080039f4   0x080039f4   0x0000003c   Code   RO           84    .text.MX_USART2_UART_Init  usart.o
    0x08003a30   0x08003a30   0x0000003c   Code   RO           86    .text.MX_USART3_UART_Init  usart.o
    0x08003a6c   0x08003a6c   0x00000040   Code   RO           88    .text.MX_USART6_UART_Init  usart.o
    0x08003aac   0x08003aac   0x00000002   Code   RO          121    .text.MemManage_Handler  stm32f4xx_it.o
    0x08003aae   0x08003aae   0x00000002   PAD
    0x08003ab0   0x08003ab0   0x000000a4   Code   RO         1727    .text.MyRecvCallback  chassis.o
    0x08003b54   0x08003b54   0x00000002   Code   RO          117    .text.NMI_Handler   stm32f4xx_it.o
    0x08003b56   0x08003b56   0x00000002   PAD
    0x08003b58   0x08003b58   0x0000009a   Code   RO         1935    .text.PID_Control2  pid_old.o
    0x08003bf2   0x08003bf2   0x0000000e   PAD
    0x08003c00   0x08003c00   0x00000064   Code   RO         1706    .text.PendSV_Handler  port.o
    0x08003c64   0x08003c64   0x0000004c   Code   RO         2161    .text.PollInit      data_poll.o
    0x08003cb0   0x08003cb0   0x00000032   Code   RO         1979    .text.RS485Init     485_bus.o
    0x08003ce2   0x08003ce2   0x00000002   PAD
    0x08003ce4   0x08003ce4   0x0000003e   Code   RO         1987    .text.RS485RecvIRQ_Handler  485_bus.o
    0x08003d22   0x08003d22   0x00000002   PAD
    0x08003d24   0x08003d24   0x00000048   Code   RO         1985    .text.RS485SendIRQ_Handler  485_bus.o
    0x08003d6c   0x08003d6c   0x00000262   Code   RO         2096    .text.ReceiveDataPackTask  comm.o
    0x08003fce   0x08003fce   0x00000002   PAD
    0x08003fd0   0x08003fd0   0x00000278   Code   RO         1729    .text.Remote        chassis.o
    0x08004248   0x08004248   0x000000f4   Code   RO         2092    .text.RemoteCommInit  comm.o
    0x0800433c   0x0800433c   0x00000104   Code   RO         1723    .text.Remote_Analysis  chassis.o
    0x08004440   0x08004440   0x00000008   Code   RO         2042    .text.ResetListIterator  mylist.o
    0x08004448   0x08004448   0x00000034   Code   RO         1845    .text.RobStrideEnable  robstride2.o
    0x0800447c   0x0800447c   0x0000000c   Code   RO         1843    .text.RobStrideInit  robstride2.o
    0x08004488   0x08004488   0x00000214   Code   RO         1857    .text.RobStrideMotionControl  robstride2.o
    0x0800469c   0x0800469c   0x00000004   PAD
    0x080046a0   0x080046a0   0x000001a0   Code   RO         1877    .text.RobStrideRecv_Handle  robstride2.o
    0x08004840   0x08004840   0x00000036   Code   RO         1851    .text.RobStrideResetAngle  robstride2.o
    0x08004876   0x08004876   0x00000002   PAD
    0x08004878   0x08004878   0x00000040   Code   RO         1855    .text.RobStrideSetMode  robstride2.o
    0x080048b8   0x080048b8   0x00000008   PAD
    0x080048c0   0x080048c0   0x00000024   Code   RO         1690    .text.SVC_Handler   port.o
    0x080048e4   0x080048e4   0x00000172   Code   RO         2094    .text.SendDataPackTask  comm.o
    0x08004a56   0x08004a56   0x00000002   PAD
    0x08004a58   0x08004a58   0x00000036   Code   RO         1789    .text.Send_Action   task_init.o
    0x08004a8e   0x08004a8e   0x00000002   PAD
    0x08004a90   0x08004a90   0x00000014   Code   RO           39    .text.StartDefaultTask  freertos.o
    0x08004aa4   0x08004aa4   0x0000001e   Code   RO         1495    .text.SysTick_Handler  cmsis_os2.o
    0x08004ac2   0x08004ac2   0x00000002   PAD
    0x08004ac4   0x08004ac4   0x000000a6   Code   RO           13    .text.SystemClock_Config  main.o
    0x08004b6a   0x08004b6a   0x00000002   PAD
    0x08004b6c   0x08004b6c   0x00000012   Code   RO         1108    .text.SystemInit    system_stm32f4xx.o
    0x08004b7e   0x08004b7e   0x00000002   PAD
    0x08004b80   0x08004b80   0x0000000c   Code   RO          147    .text.TIM1_UP_TIM10_IRQHandler  stm32f4xx_it.o
    0x08004b8c   0x08004b8c   0x0000012c   Code   RO          205    .text.TIM_Base_SetConfig  stm32f4xx_hal_tim.o
    0x08004cb8   0x08004cb8   0x00000100   Code   RO         1787    .text.Task_Init     task_init.o
    0x08004db8   0x08004db8   0x0000000c   Code   RO          155    .text.UART4_IRQHandler  stm32f4xx_it.o
    0x08004dc4   0x08004dc4   0x0000000c   Code   RO          157    .text.UART5_IRQHandler  stm32f4xx_it.o
    0x08004dd0   0x08004dd0   0x0000000a   Code   RO         1068    .text.UART_DMAAbortOnError  stm32f4xx_hal_uart.o
    0x08004dda   0x08004dda   0x00000002   PAD
    0x08004ddc   0x08004ddc   0x000000a2   Code   RO         1018    .text.UART_DMAError  stm32f4xx_hal_uart.o
    0x08004e7e   0x08004e7e   0x00000002   PAD
    0x08004e80   0x08004e80   0x00000080   Code   RO         1096    .text.UART_DMAReceiveCplt  stm32f4xx_hal_uart.o
    0x08004f00   0x08004f00   0x00000018   Code   RO         1098    .text.UART_DMARxHalfCplt  stm32f4xx_hal_uart.o
    0x08004f18   0x08004f18   0x0000003e   Code   RO         1014    .text.UART_DMATransmitCplt  stm32f4xx_hal_uart.o
    0x08004f56   0x08004f56   0x00000002   PAD
    0x08004f58   0x08004f58   0x00000006   Code   RO         1016    .text.UART_DMATxHalfCplt  stm32f4xx_hal_uart.o
    0x08004f5e   0x08004f5e   0x00000002   PAD
    0x08004f60   0x08004f60   0x000000c0   Code   RO         1066    .text.UART_Receive_IT  stm32f4xx_hal_uart.o
    0x08005020   0x08005020   0x000000de   Code   RO          990    .text.UART_SetConfig  stm32f4xx_hal_uart.o
    0x080050fe   0x080050fe   0x00000002   PAD
    0x08005100   0x08005100   0x000000aa   Code   RO         1022    .text.UART_Start_Receive_DMA  stm32f4xx_hal_uart.o
    0x080051aa   0x080051aa   0x00000002   PAD
    0x080051ac   0x080051ac   0x0000000c   Code   RO          149    .text.USART2_IRQHandler  stm32f4xx_it.o
    0x080051b8   0x080051b8   0x0000000c   Code   RO          151    .text.USART3_IRQHandler  stm32f4xx_it.o
    0x080051c4   0x080051c4   0x0000000c   Code   RO          167    .text.USART6_IRQHandler  stm32f4xx_it.o
    0x080051d0   0x080051d0   0x00000002   Code   RO          125    .text.UsageFault_Handler  stm32f4xx_it.o
    0x080051d2   0x080051d2   0x00000006   PAD
    0x080051d8   0x080051d8   0x000001d8   Code   RO         1957    .text.VESC_ReceiveHandler  vesc.o
    0x080053b0   0x080053b0   0x0000005c   Code   RO         1949    .text.VESC_SetCurrent  vesc.o
    0x0800540c   0x0800540c   0x0000003a   Code   RO           11    .text.main          main.o
    0x08005446   0x08005446   0x00000002   PAD
    0x08005448   0x08005448   0x00000020   Code   RO         1555    .text.osDelay       cmsis_os2.o
    0x08005468   0x08005468   0x00000028   Code   RO         1497    .text.osKernelInitialize  cmsis_os2.o
    0x08005490   0x08005490   0x0000003c   Code   RO         1503    .text.osKernelStart  cmsis_os2.o
    0x080054cc   0x080054cc   0x000000be   Code   RO         1519    .text.osThreadNew   cmsis_os2.o
    0x0800558a   0x0800558a   0x00000002   PAD
    0x0800558c   0x0800558c   0x0000011c   Code   RO         1305    .text.prvAddNewTaskToReadyList  tasks.o
    0x080056a8   0x080056a8   0x0000007c   Code   RO         1440    .text.prvCheckForValidListAndQueue  timers.o
    0x08005724   0x08005724   0x00000096   Code   RO         1337    .text.prvIdleTask   tasks.o
    0x080057ba   0x080057ba   0x00000002   PAD
    0x080057bc   0x080057bc   0x00000028   Code   RO         1698    .text.prvPortStartFirstTask  port.o
    0x080057e4   0x080057e4   0x000000ea   Code   RO         1476    .text.prvSampleTimeNow  timers.o
    0x080058ce   0x080058ce   0x00000002   PAD
    0x080058d0   0x080058d0   0x00000032   Code   RO         1688    .text.prvTaskExitError  port.o
    0x08005902   0x08005902   0x00000002   PAD
    0x08005904   0x08005904   0x000002ba   Code   RO         1442    .text.prvTimerTask  timers.o
    0x08005bbe   0x08005bbe   0x00000002   PAD
    0x08005bc0   0x08005bc0   0x00000074   Code   RO         1204    .text.prvUnlockQueue  queue.o
    0x08005c34   0x08005c34   0x000001a0   Code   RO         1658    .text.pvPortMalloc  heap_4.o
    0x08005dd4   0x08005dd4   0x00000018   Code   RO         1393    .text.pvTaskIncrementMutexHeldCount  tasks.o
    0x08005dec   0x08005dec   0x00000024   Code   RO         1686    .text.pxPortInitialiseStack  port.o
    0x08005e10   0x08005e10   0x00000060   Code   RO         2100    .text.register_comm_recv_cb  comm.o
    0x08005e70   0x08005e70   0x000000d0   Code   RO         1395    .text.ulTaskNotifyTake  tasks.o
    0x08005f40   0x08005f40   0x00000024   Code   RO         1168    .text.uxListRemove  list.o
    0x08005f64   0x08005f64   0x0000001a   Code   RO         1641    .text.vApplicationGetIdleTaskMemory  cmsis_os2.o
    0x08005f7e   0x08005f7e   0x00000002   PAD
    0x08005f80   0x08005f80   0x0000001c   Code   RO         1643    .text.vApplicationGetTimerTaskMemory  cmsis_os2.o
    0x08005f9c   0x08005f9c   0x00000016   Code   RO         1160    .text.vListInitialise  list.o
    0x08005fb2   0x08005fb2   0x00000002   PAD
    0x08005fb4   0x08005fb4   0x00000006   Code   RO         1162    .text.vListInitialiseItem  list.o
    0x08005fba   0x08005fba   0x00000002   PAD
    0x08005fbc   0x08005fbc   0x0000003a   Code   RO         1166    .text.vListInsert   list.o
    0x08005ff6   0x08005ff6   0x00000002   PAD
    0x08005ff8   0x08005ff8   0x0000001c   Code   RO         1164    .text.vListInsertEnd  list.o
    0x08006014   0x08006014   0x00000014   Code   RO         1696    .text.vPortEnableVFP  port.o
    0x08006028   0x08006028   0x00000046   Code   RO         1702    .text.vPortEnterCritical  port.o
    0x0800606e   0x0800606e   0x00000002   PAD
    0x08006070   0x08006070   0x0000002e   Code   RO         1704    .text.vPortExitCritical  port.o
    0x0800609e   0x0800609e   0x00000002   PAD
    0x080060a0   0x080060a0   0x000000d6   Code   RO         1660    .text.vPortFree     heap_4.o
    0x08006176   0x08006176   0x00000002   PAD
    0x08006178   0x08006178   0x00000034   Code   RO         1694    .text.vPortSetupTimerInterrupt  port.o
    0x080061ac   0x080061ac   0x00000062   Code   RO         1710    .text.vPortValidateInterruptPriority  port.o
    0x0800620e   0x0800620e   0x00000002   PAD
    0x08006210   0x08006210   0x00000028   Code   RO         1238    .text.vQueueAddToRegistry  queue.o
    0x08006238   0x08006238   0x00000048   Code   RO         1224    .text.vQueueDelete  queue.o
    0x08006280   0x08006280   0x00000046   Code   RO         1242    .text.vQueueWaitForMessageRestricted  queue.o
    0x080062c6   0x080062c6   0x00000002   PAD
    0x080062c8   0x080062c8   0x000000aa   Code   RO         1317    .text.vTaskDelay    tasks.o
    0x08006372   0x08006372   0x00000002   PAD
    0x08006374   0x08006374   0x000000ee   Code   RO         1311    .text.vTaskDelayUntil  tasks.o
    0x08006462   0x08006462   0x00000002   PAD
    0x08006464   0x08006464   0x00000116   Code   RO         1309    .text.vTaskDelete   tasks.o
    0x0800657a   0x0800657a   0x00000002   PAD
    0x0800657c   0x0800657c   0x0000001a   Code   RO         1367    .text.vTaskInternalSetTimeOutState  tasks.o
    0x08006596   0x08006596   0x00000002   PAD
    0x08006598   0x08006598   0x0000000e   Code   RO         1371    .text.vTaskMissedYield  tasks.o
    0x080065a6   0x080065a6   0x00000002   PAD
    0x080065a8   0x080065a8   0x00000096   Code   RO         1355    .text.vTaskPlaceOnEventList  tasks.o
    0x0800663e   0x0800663e   0x00000002   PAD
    0x08006640   0x08006640   0x000000a8   Code   RO         1359    .text.vTaskPlaceOnEventListRestricted  tasks.o
    0x080066e8   0x080066e8   0x000000a4   Code   RO         1389    .text.vTaskPriorityDisinheritAfterTimeout  tasks.o
    0x0800678c   0x0800678c   0x000000a4   Code   RO         1335    .text.vTaskStartScheduler  tasks.o
    0x08006830   0x08006830   0x00000010   Code   RO         1313    .text.vTaskSuspendAll  tasks.o
    0x08006840   0x08006840   0x00000092   Code   RO         1329    .text.vTaskSwitchContext  tasks.o
    0x080068d2   0x080068d2   0x00000002   PAD
    0x080068d4   0x080068d4   0x0000012e   Code   RO         1692    .text.xPortStartScheduler  port.o
    0x08006a02   0x08006a02   0x00000002   PAD
    0x08006a04   0x08006a04   0x0000002e   Code   RO         1708    .text.xPortSysTickHandler  port.o
    0x08006a32   0x08006a32   0x00000002   PAD
    0x08006a34   0x08006a34   0x00000070   Code   RO         1184    .text.xQueueCreateMutex  queue.o
    0x08006aa4   0x08006aa4   0x00000082   Code   RO         1182    .text.xQueueGenericCreate  queue.o
    0x08006b26   0x08006b26   0x00000002   PAD
    0x08006b28   0x08006b28   0x000000da   Code   RO         1180    .text.xQueueGenericCreateStatic  queue.o
    0x08006c02   0x08006c02   0x00000002   PAD
    0x08006c04   0x08006c04   0x00000214   Code   RO         1194    .text.xQueueGenericSend  queue.o
    0x08006e18   0x08006e18   0x000000b6   Code   RO         1208    .text.xQueueGiveFromISR  queue.o
    0x08006ece   0x08006ece   0x00000002   PAD
    0x08006ed0   0x08006ed0   0x000001a8   Code   RO         1210    .text.xQueueReceive  queue.o
    0x08007078   0x08007078   0x000001d6   Code   RO         1198    .text.xQueueSemaphoreTake  queue.o
    0x0800724e   0x0800724e   0x00000002   PAD
    0x08007250   0x08007250   0x0000008c   Code   RO         1369    .text.xTaskCheckForTimeOut  tasks.o
    0x080072dc   0x080072dc   0x000000dc   Code   RO         1307    .text.xTaskCreate   tasks.o
    0x080073b8   0x080073b8   0x000000ea   Code   RO         1303    .text.xTaskCreateStatic  tasks.o
    0x080074a2   0x080074a2   0x00000002   PAD
    0x080074a4   0x080074a4   0x0000000c   Code   RO         1381    .text.xTaskGetCurrentTaskHandle  tasks.o
    0x080074b0   0x080074b0   0x00000026   Code   RO         1383    .text.xTaskGetSchedulerState  tasks.o
    0x080074d6   0x080074d6   0x00000002   PAD
    0x080074d8   0x080074d8   0x0000000c   Code   RO         1343    .text.xTaskGetTickCount  tasks.o
    0x080074e4   0x080074e4   0x0000016e   Code   RO         1341    .text.xTaskIncrementTick  tasks.o
    0x08007652   0x08007652   0x00000002   PAD
    0x08007654   0x08007654   0x0000009a   Code   RO         1387    .text.xTaskPriorityDisinherit  tasks.o
    0x080076ee   0x080076ee   0x00000002   PAD
    0x080076f0   0x080076f0   0x00000092   Code   RO         1385    .text.xTaskPriorityInherit  tasks.o
    0x08007782   0x08007782   0x00000002   PAD
    0x08007784   0x08007784   0x0000008e   Code   RO         1361    .text.xTaskRemoveFromEventList  tasks.o
    0x08007812   0x08007812   0x00000002   PAD
    0x08007814   0x08007814   0x00000134   Code   RO         1315    .text.xTaskResumeAll  tasks.o
    0x08007948   0x08007948   0x00000074   Code   RO         1438    .text.xTimerCreateTimerTask  timers.o
    0x080079bc   0x080079bc   0x00000062   Code   RO         2259    x$fpl$d2f           fz_wm.l(d2f.o)
    0x08007a1e   0x08007a1e   0x00000002   PAD
    0x08007a20   0x08007a20   0x000002b8   Code   RO         2268    x$fpl$ddiv          fz_wm.l(ddiv.o)
    0x08007cd8   0x08007cd8   0x0000002e   Code   RO         2276    x$fpl$dflt          fz_wm.l(dflt_clz.o)
    0x08007d06   0x08007d06   0x00000002   PAD
    0x08007d08   0x08007d08   0x00000154   Code   RO         2281    x$fpl$dmul          fz_wm.l(dmul.o)
    0x08007e5c   0x08007e5c   0x0000009c   Code   RO         2366    x$fpl$dnaninf       fz_wm.l(dnaninf.o)
    0x08007ef8   0x08007ef8   0x0000000c   Code   RO         2368    x$fpl$dretinf       fz_wm.l(dretinf.o)
    0x08007f04   0x08007f04   0x00000056   Code   RO         2283    x$fpl$f2d           fz_wm.l(f2d.o)
    0x08007f5a   0x08007f5a   0x0000008c   Code   RO         2370    x$fpl$fnaninf       fz_wm.l(fnaninf.o)
    0x08007fe6   0x08007fe6   0x0000001a   Code   RO         2416    x$fpl$fpinit        fz_wm.l(fpinit.o)
    0x08008000   0x08008000   0x0000000a   Code   RO         2372    x$fpl$fretinf       fz_wm.l(fretinf.o)
    0x0800800a   0x0800800a   0x00000000   Code   RO         2374    x$fpl$usenofp       fz_wm.l(usenofp.o)
    0x0800800a   0x0800800a   0x00000010   Data   RO         1113    .rodata.AHBPrescTable  system_stm32f4xx.o
    0x0800801a   0x0800801a   0x00000008   Data   RO         1114    .rodata.APBPrescTable  system_stm32f4xx.o
    0x08008022   0x08008022   0x00000002   PAD
    0x08008024   0x08008024   0x00000020   Data   RO         1879    .rodata.cst16       robstride2.o
    0x08008044   0x08008044   0x00000008   Data   RO          772    .rodata.cst8        stm32f4xx_hal_dma.o
    0x0800804c   0x0800804c   0x00000024   Data   RO           42    .rodata.defaultTask_attributes  freertos.o
    0x08008070   0x08008070   0x0000000c   Data   RO           41    .rodata.str1.1      freertos.o
    0x0800807c   0x0800807c   0x00000020   Data   RO         2510    Region$$Table       anon$$obj.o


    Execution Region RW_IRAM1 (Exec base: 0x20000000, Load base: 0x080080a0, Size: 0x00006130, Max: 0x0001c000, ABSOLUTE, COMPRESSED[0x00000070])

    Exec Addr    Load Addr    Size         Type   Attr      Idx    E Section Name        Object

    0x20000000   COMPRESSED   0x00000001   Data   RW         1740    .data.MODE          chassis.o
    0x20000001   COMPRESSED   0x00000003   PAD
    0x20000004   COMPRESSED   0x00000014   Data   RW         1817    .data.R_left_expect  ball_back.o
    0x20000018   COMPRESSED   0x00000014   Data   RW         1819    .data.R_left_reset  ball_back.o
    0x2000002c   COMPRESSED   0x00000014   Data   RW         1818    .data.R_right_expect  ball_back.o
    0x20000040   COMPRESSED   0x00000014   Data   RW         1820    .data.R_right_reset  ball_back.o
    0x20000054   COMPRESSED   0x00000004   Data   RW         1112    .data.SystemCoreClock  system_stm32f4xx.o
    0x20000058   COMPRESSED   0x00000004   Data   RW         2121    .data.g_pack_id     comm.o
    0x2000005c   COMPRESSED   0x00000060   Data   RW         1737    .data.motor1        chassis.o
    0x200000bc   COMPRESSED   0x00000060   Data   RW         1738    .data.motor2        chassis.o
    0x2000011c   COMPRESSED   0x00000060   Data   RW         1739    .data.motor3        chassis.o
    0x2000017c   COMPRESSED   0x00000004   Data   RW         1752    .data.recv_cb       chassis.o
    0x20000180   COMPRESSED   0x00000004   Data   RW         1822    .data.time          ball_back.o
    0x20000184   COMPRESSED   0x00000001   Data   RW          950    .data.uwTickFreq    stm32f4xx_hal.o
    0x20000185   COMPRESSED   0x00000003   PAD
    0x20000188   COMPRESSED   0x00000004   Data   RW          949    .data.uwTickPrio    stm32f4xx_hal.o
    0x2000018c   COMPRESSED   0x00000004   Data   RW         1714    .data.uxCriticalNesting  port.o
    0x20000190        -       0x00000060   Zero   RW         2380    .bss                c_w.l(libspace.o)
    0x200001f0        -       0x00000004   Zero   RW         1834    .bss.Ball_back_Handle  ball_back.o
    0x200001f4        -       0x00000004   Zero   RW         1756    .bss.Control_Remote_Handle  chassis.o
    0x200001f8        -       0x00000004   Zero   RW           62    .bss.HAL_RCC_CAN1_CLK_ENABLED  can.o
    0x200001fc        -       0x00000004   Zero   RW         1645    .bss.KernelState    cmsis_os2.o
    0x20000200        -       0x00000068   Zero   RW         1823    .bss.R_left         ball_back.o
    0x20000268        -       0x00000068   Zero   RW         1824    .bss.R_right        ball_back.o
    0x200002d0        -       0x00000028   Zero   RW          169    .bss.Remote_Control  stm32f4xx_it.o
    0x200002f8        -       0x00000004   Zero   RW         1755    .bss.Remote_Handle  chassis.o
    0x200002fc        -       0x00000004   Zero   RW         1741    .bss.Vx             chassis.o
    0x20000300        -       0x00000004   Zero   RW         1742    .bss.Vy             chassis.o
    0x20000304        -       0x00000004   Zero   RW         1743    .bss.Wz             chassis.o
    0x20000308        -       0x00000001   Zero   RW         1828    .bss.ball_back_trigger  ball_back.o
    0x20000309   COMPRESSED   0x00000003   PAD
    0x2000030c        -       0x00000420   Zero   RW         2152    .bss.comm_instance  comm_stm32_hal_middle.o
    0x2000072c        -       0x00000004   Zero   RW           44    .bss.defaultTaskHandle  freertos.o
    0x20000730        -       0x00000004   Zero   RW         1776    .bss.err_timer_cnt  hit_ball.o
    0x20000734        -       0x00000004   Zero   RW         1772    .bss.error_cnt      hit_ball.o
    0x20000738        -       0x00000024   Zero   RW         1774    .bss.error_stats    hit_ball.o
    0x2000075c        -       0x00000001   Zero   RW         1821    .bss.flag           ball_back.o
    0x2000075d   COMPRESSED   0x00000003   PAD
    0x20000760        -       0x00000004   Zero   RW         2151    .bss.g_comm_handle  comm_stm32_hal_middle.o
    0x20000764        -       0x00000028   Zero   RW           60    .bss.hcan1          can.o
    0x2000078c        -       0x00000028   Zero   RW           61    .bss.hcan2          can.o
    0x200007b4        -       0x00000060   Zero   RW           99    .bss.hdma_uart4_rx  usart.o
    0x20000814        -       0x00000060   Zero   RW          100    .bss.hdma_uart4_tx  usart.o
    0x20000874        -       0x00000060   Zero   RW          101    .bss.hdma_uart5_rx  usart.o
    0x200008d4        -       0x00000060   Zero   RW          102    .bss.hdma_uart5_tx  usart.o
    0x20000934        -       0x00000060   Zero   RW          103    .bss.hdma_usart2_rx  usart.o
    0x20000994        -       0x00000060   Zero   RW          104    .bss.hdma_usart2_tx  usart.o
    0x200009f4        -       0x00000060   Zero   RW          105    .bss.hdma_usart3_rx  usart.o
    0x20000a54        -       0x00000060   Zero   RW          106    .bss.hdma_usart3_tx  usart.o
    0x20000ab4        -       0x00000060   Zero   RW          107    .bss.hdma_usart6_rx  usart.o
    0x20000b14        -       0x00000060   Zero   RW          108    .bss.hdma_usart6_tx  usart.o
    0x20000b74        -       0x00000048   Zero   RW          192    .bss.htim1          stm32f4xx_hal_timebase_tim.o
    0x20000bbc        -       0x00000048   Zero   RW           96    .bss.huart2         usart.o
    0x20000c04        -       0x00000048   Zero   RW           97    .bss.huart3         usart.o
    0x20000c4c        -       0x00000048   Zero   RW           94    .bss.huart4         usart.o
    0x20000c94        -       0x00000048   Zero   RW           95    .bss.huart5         usart.o
    0x20000cdc        -       0x00000048   Zero   RW           98    .bss.huart6         usart.o
    0x20000d24        -       0x00000004   Zero   RW         2115    .bss.kCallbackId    comm.o
    0x20000d28        -       0x00000018   Zero   RW         2114    .bss.kCommSendAckSemphrPoll  comm.o
    0x20000d40        -       0x00000004   Zero   RW         2116    .bss.kRecvCbList    comm.o
    0x20000d44        -       0x00000001   Zero   RW         1825    .bss.key1           ball_back.o
    0x20000d45        -       0x00000001   Zero   RW         1826    .bss.key2           ball_back.o
    0x20000d46        -       0x00000001   Zero   RW         1827    .bss.key3           ball_back.o
    0x20000d47   COMPRESSED   0x00000001   PAD
    0x20000d48        -       0x00000004   Zero   RW         1773    .bss.last_error_time  hit_ball.o
    0x20000d4c        -       0x0000000e   Zero   RW         1753    .bss.last_key       chassis.o
    0x20000d5a        -       0x000000a0   Zero   RW         1486    .bss.prvCheckForValidListAndQueue.ucStaticTimerQueueStorage  timers.o
    0x20000dfa   COMPRESSED   0x00000002   PAD
    0x20000dfc        -       0x00000050   Zero   RW         1485    .bss.prvCheckForValidListAndQueue.xStaticTimerQueue  timers.o
    0x20000e4c        -       0x00000004   Zero   RW         1482    .bss.prvSampleTimeNow.xLastTime  timers.o
    0x20000e50        -       0x00000004   Zero   RW         1409    .bss.pxCurrentTCB   tasks.o
    0x20000e54        -       0x00000004   Zero   RW         1480    .bss.pxCurrentTimerList  timers.o
    0x20000e58        -       0x00000004   Zero   RW         1417    .bss.pxDelayedTaskList  tasks.o
    0x20000e5c        -       0x00000004   Zero   RW         1670    .bss.pxEnd          heap_4.o
    0x20000e60        -       0x00000004   Zero   RW         1418    .bss.pxOverflowDelayedTaskList  tasks.o
    0x20000e64        -       0x00000004   Zero   RW         1481    .bss.pxOverflowTimerList  timers.o
    0x20000e68        -       0x00000460   Zero   RW         1420    .bss.pxReadyTasksLists  tasks.o
    0x200012c8        -       0x00000014   Zero   RW         1735    .bss.recv_buff      chassis.o
    0x200012dc        -       0x00000100   Zero   RW         2124    .bss.recv_buffer    comm.o
    0x200013dc        -       0x00000004   Zero   RW         2119    .bss.recv_cb_list_mutex  comm.o
    0x200013e0        -       0x00000014   Zero   RW         1751    .bss.recv_pack      chassis.o
    0x200013f4        -       0x00000004   Zero   RW           43    .bss.remote_semaphore  freertos.o
    0x200013f8        -       0x00000010   Zero   RW         1736    .bss.rocker_filter  chassis.o
    0x20001408        -       0x00000018   Zero   RW         1769    .bss.rs485bus       hit_ball.o
    0x20001420        -       0x00000180   Zero   RW         2123    .bss.send_ack_blocks  comm.o
    0x200015a0        -       0x00000004   Zero   RW         2120    .bss.send_ack_blocks_mutex  comm.o
    0x200015a4        -       0x00000100   Zero   RW         2122    .bss.send_buffer    comm.o
    0x200016a4        -       0x00000004   Zero   RW         2117    .bss.send_req_queue_handle  comm.o
    0x200016a8        -       0x00000024   Zero   RW         1830    .bss.traj_left      ball_back.o
    0x200016cc        -       0x0000000c   Zero   RW         1832    .bss.traj_left_state  ball_back.o
    0x200016d8        -       0x00000024   Zero   RW         1831    .bss.traj_right     ball_back.o
    0x200016fc        -       0x0000000c   Zero   RW         1833    .bss.traj_right_state  ball_back.o
    0x20001708        -       0x00000001   Zero   RW         1829    .bss.traj_started   ball_back.o
    0x20001709   COMPRESSED   0x00000003   PAD
    0x2000170c        -       0x00000004   Zero   RW         2118    .bss.uart_tx_mutex  comm.o
    0x20001710        -       0x00003c00   Zero   RW         1677    .bss.ucHeap         heap_4.o
    0x20005310        -       0x00000001   Zero   RW         1712    .bss.ucMaxSysCallPriority  port.o
    0x20005311   COMPRESSED   0x00000003   PAD
    0x20005314        -       0x00000004   Zero   RW         1713    .bss.ulMaxPRIGROUPValue  port.o
    0x20005318        -       0x0000001e   Zero   RW         1754    .bss.usart5_buff    chassis.o
    0x20005336   COMPRESSED   0x00000002   PAD
    0x20005338        -       0x00000004   Zero   RW          951    .bss.uwTick         stm32f4xx_hal.o
    0x2000533c        -       0x00000004   Zero   RW         1413    .bss.uxCurrentNumberOfTasks  tasks.o
    0x20005340        -       0x00000004   Zero   RW         1412    .bss.uxDeletedTasksWaitingCleanUp  tasks.o
    0x20005344        -       0x00000004   Zero   RW         1415    .bss.uxSchedulerSuspended  tasks.o
    0x20005348        -       0x00000004   Zero   RW         1410    .bss.uxTaskNumber   tasks.o
    0x2000534c        -       0x00000004   Zero   RW         1421    .bss.uxTopReadyPriority  tasks.o
    0x20005350        -       0x00000004   Zero   RW         1744    .bss.v1             chassis.o
    0x20005354        -       0x00000004   Zero   RW         1745    .bss.v2             chassis.o
    0x20005358        -       0x00000004   Zero   RW         1746    .bss.v3             chassis.o
    0x2000535c        -       0x00000200   Zero   RW         1647    .bss.vApplicationGetIdleTaskMemory.Idle_Stack  cmsis_os2.o
    0x2000555c        -       0x0000005c   Zero   RW         1646    .bss.vApplicationGetIdleTaskMemory.Idle_TCB  cmsis_os2.o
    0x200055b8        -       0x00000400   Zero   RW         1649    .bss.vApplicationGetTimerTaskMemory.Timer_Stack  cmsis_os2.o
    0x200059b8        -       0x0000005c   Zero   RW         1648    .bss.vApplicationGetTimerTaskMemory.Timer_TCB  cmsis_os2.o
    0x20005a14        -       0x00000004   Zero   RW         1747    .bss.wheel_one      chassis.o
    0x20005a18        -       0x00000004   Zero   RW         1749    .bss.wheel_three    chassis.o
    0x20005a1c        -       0x00000004   Zero   RW         1748    .bss.wheel_two      chassis.o
    0x20005a20        -       0x00000014   Zero   RW         1483    .bss.xActiveTimerList1  timers.o
    0x20005a34        -       0x00000014   Zero   RW         1484    .bss.xActiveTimerList2  timers.o
    0x20005a48        -       0x00000001   Zero   RW         1671    .bss.xBlockAllocatedBit  heap_4.o
    0x20005a49   COMPRESSED   0x00000003   PAD
    0x20005a4c        -       0x00000014   Zero   RW         1428    .bss.xDelayedTaskList1  tasks.o
    0x20005a60        -       0x00000014   Zero   RW         1429    .bss.xDelayedTaskList2  tasks.o
    0x20005a74        -       0x00000004   Zero   RW         1672    .bss.xFreeBytesRemaining  heap_4.o
    0x20005a78        -       0x00000004   Zero   RW         1423    .bss.xIdleTaskHandle  tasks.o
    0x20005a7c        -       0x00000004   Zero   RW         1674    .bss.xMinimumEverFreeBytesRemaining  heap_4.o
    0x20005a80        -       0x00000004   Zero   RW         1424    .bss.xNextTaskUnblockTime  tasks.o
    0x20005a84        -       0x00000004   Zero   RW         1427    .bss.xNumOfOverflows  tasks.o
    0x20005a88        -       0x00000004   Zero   RW         1675    .bss.xNumberOfSuccessfulAllocations  heap_4.o
    0x20005a8c        -       0x00000004   Zero   RW         1676    .bss.xNumberOfSuccessfulFrees  heap_4.o
    0x20005a90        -       0x00000004   Zero   RW         1426    .bss.xPendedTicks   tasks.o
    0x20005a94        -       0x00000014   Zero   RW         1422    .bss.xPendingReadyList  tasks.o
    0x20005aa8        -       0x00000040   Zero   RW         1244    .bss.xQueueRegistry  queue.o
    0x20005ae8        -       0x00000004   Zero   RW         1414    .bss.xSchedulerRunning  tasks.o
    0x20005aec        -       0x00000008   Zero   RW         1673    .bss.xStart         heap_4.o
    0x20005af4        -       0x00000014   Zero   RW         1419    .bss.xSuspendedTaskList  tasks.o
    0x20005b08        -       0x00000014   Zero   RW         1411    .bss.xTasksWaitingTermination  tasks.o
    0x20005b1c        -       0x00000004   Zero   RW         1416    .bss.xTickCount     tasks.o
    0x20005b20        -       0x00000004   Zero   RW         1478    .bss.xTimerQueue    timers.o
    0x20005b24        -       0x00000004   Zero   RW         1479    .bss.xTimerTaskHandle  timers.o
    0x20005b28        -       0x00000004   Zero   RW         1425    .bss.xYieldPending  tasks.o
    0x20005b2c   COMPRESSED   0x00000004   PAD
    0x20005b30        -       0x00000200   Zero   RW            2    HEAP                startup_stm32f407xx.o
    0x20005d30        -       0x00000400   Zero   RW            1    STACK               startup_stm32f407xx.o


    Execution Region RW_IRAM2 (Exec base: 0x2001c000, Load base: 0x08008110, Size: 0x00000000, Max: 0x00004000, ABSOLUTE)

    **** No section assigned to this execution region ****


==============================================================================

Image component sizes


      Code (inc. data)   RO Data    RW Data    ZI Data      Debug   Object Name

       184          0          0          0          0       6158   485_bus.o
       864          4          0         84        314       5810   ball_back.o
       422          0          0          0         84       6793   can.o
       138          0          0          0          0       4280   candrive.o
      1212         56          0        293        144       7572   chassis.o
       406          0          0          0       1724      41767   cmsis_os2.o
      1550         44          0          4        944       9737   comm.o
       926          8          0          0       1060      10136   comm_stm32_hal_middle.o
        76          0          0          0          0       3101   data_poll.o
       220          0          0          0          0       3514   dma.o
        76          0         48          0          8       3186   freertos.o
       204          0          0          0          0       2222   gpio.o
       498          0          0          0          0       5045   handle.o
       630          0          0          0      15389       5142   heap_4.o
         0          0          0          0         72       6699   hit_ball.o
       150          0          0          0          0       2217   list.o
       248          0          0          0          0       6198   main.o
       118          0          0          0          0       3999   mylist.o
       154          0          0          0          0       1298   pid_old.o
       896         16          0          4          5       4142   port.o
      2366          0          0          0         64      25560   queue.o
      1130        132         32          0          0      14257   robstride2.o
        64         26        392          0       1536        840   startup_stm32f407xx.o
       360         20          0          0          0       1685   step.o
        92          0          0          5          4       7298   stm32f4xx_hal.o
      1626          6          0          0          0      13548   stm32f4xx_hal_can.o
       152          0          0          0          0      10720   stm32f4xx_hal_cortex.o
      1034          4          8          0          0       9739   stm32f4xx_hal_dma.o
       424          0          0          0          0       5102   stm32f4xx_hal_gpio.o
        66          0          0          0          0       3527   stm32f4xx_hal_msp.o
      1456          4          0          0          0       7447   stm32f4xx_hal_rcc.o
       898          0          0          0          0      58068   stm32f4xx_hal_tim.o
         4          0          0          0          0      22243   stm32f4xx_hal_tim_ex.o
       170          0          0          0         72       7209   stm32f4xx_hal_timebase_tim.o
      2346          0          0          0          0      26617   stm32f4xx_hal_uart.o
       252          0          0          0         40       9445   stm32f4xx_it.o
        18          0         24          4          0       2584   system_stm32f4xx.o
       310         36          0          0          0       2318   task_init.o
      3972          8          0          0       1280      39602   tasks.o
      1172         26          0          0        300      17254   timers.o
      1512          0          0          0       1320       8770   usart.o
       564         56          0          0          0       6783   vesc.o

    ----------------------------------------------------------------------
     29208        450        538        400      24384     439632   Object Totals
         0          0         32          0          0          0   (incl. Generated)
       248          4          2          6         24          0   (incl. Padding)

    ----------------------------------------------------------------------

      Code (inc. data)   RO Data    RW Data    ZI Data      Debug   Library Member Name

        58          0          0          0          0          0   __dczerorl.o
         8          0          0          0          0         68   __main.o
         0          0          0          0          0          0   __rtentry.o
        12          0          0          0          0          0   __rtentry2.o
         6          0          0          0          0          0   __rtentry4.o
        94          8          0          0          0          0   __scatter.o
        28          0          0          0          0          0   __scatter_zi.o
        16          0          0          0          0         68   aeabi_memset4.o
        10          0          0          0          0         68   defsig_exit.o
        50          0          0          0          0         88   defsig_general.o
        80         58          0          0          0         76   defsig_rtmem_inner.o
        14          0          0          0          0         80   defsig_rtmem_outer.o
        18          0          0          0          0         80   exit.o
        94          0          0          0          0         80   h1_alloc.o
        52          0          0          0          0         68   h1_extend.o
        78          0          0          0          0         80   h1_free.o
        12          0          0          0          0         84   h1_init.o
         6          0          0          0          0        152   heapauxi.o
         4          0          0          0          0        136   hguard.o
         0          0          0          0          0          0   indicate_semi.o
       138          0          0          0          0        168   init_alloc.o
         2          0          0          0          0          0   libinit.o
        14          0          0          0          0          0   libinit2.o
         2          0          0          0          0          0   libshutdown.o
         2          0          0          0          0          0   libshutdown2.o
         8          4          0          0         96         68   libspace.o
       240          0          0          0          0        100   lludivv7m.o
         0          0          0          0          0          0   maybetermalloc1.o
         8          4          0          0          0         68   rt_heap_descriptor_intlibspace.o
        68          0          0          0          0         68   rt_memclr.o
        78          0          0          0          0         80   rt_memclr_w.o
       138          0          0          0          0         68   rt_memcpy_v6.o
       100          0          0          0          0         80   rt_memcpy_w.o
         2          0          0          0          0          0   rtexit.o
        10          0          0          0          0          0   rtexit2.o
        12          4          0          0          0         68   sys_exit.o
        74          0          0          0          0         80   sys_stackheap_outer.o
        14          0          0          0          0         76   sys_wrch.o
         2          0          0          0          0         68   use_no_semi.o
        98          4          0          0          0        140   d2f.o
       696        140          0          0          0        264   ddiv.o
        46          0          0          0          0        116   dflt_clz.o
       340         12          0          0          0        152   dmul.o
       156          4          0          0          0        140   dnaninf.o
        12          0          0          0          0        116   dretinf.o
        86          4          0          0          0        132   f2d.o
       140          4          0          0          0        132   fnaninf.o
        26          0          0          0          0        116   fpinit.o
        10          0          0          0          0        116   fretinf.o
         0          0          0          0          0          0   usenofp.o

    ----------------------------------------------------------------------
      3178        246          0          0         96       3544   Library Totals
        16          0          0          0          0          0   (incl. Padding)

    ----------------------------------------------------------------------

      Code (inc. data)   RO Data    RW Data    ZI Data      Debug   Library Name

      1552         78          0          0         96       2120   c_w.l
      1610        168          0          0          0       1424   fz_wm.l

    ----------------------------------------------------------------------
      3178        246          0          0         96       3544   Library Totals

    ----------------------------------------------------------------------

==============================================================================


      Code (inc. data)   RO Data    RW Data    ZI Data      Debug   

     32386        696        538        400      24480     440420   Grand Totals
     32386        696        538        112      24480     440420   ELF Image Totals (compressed)
     32386        696        538        112          0          0   ROM Totals

==============================================================================

    Total RO  Size (Code + RO Data)                32924 (  32.15kB)
    Total RW  Size (RW Data + ZI Data)             24880 (  24.30kB)
    Total ROM Size (Code + RO Data + RW Data)      33036 (  32.26kB)

==============================================================================

